May 19 17:13:09 carrent-srv lvm[409]:   1 logical volume(s) in volume group "ubuntu-vg" monitored
May 19 17:13:09 carrent-srv systemd[1]: Starting Flush Journal to Persistent Storage...
May 19 17:13:09 carrent-srv systemd[1]: modprobe@efi_pstore.service: Deactivated successfully.
May 19 17:13:09 carrent-srv systemd[1]: Finished Load Kernel Module efi_pstore.
May 19 17:13:09 carrent-srv systemd[1]: Condition check resulted in Platform Persistent Storage Archival being skipped.
May 19 17:13:09 carrent-srv systemd[1]: Finished Set the console keyboard layout.
May 19 17:13:09 carrent-srv systemd-modules-load[415]: Inserted module 'msr'
May 19 17:13:09 carrent-srv systemd[1]: Activated swap /swap.img.
May 19 17:13:09 carrent-srv systemd[1]: Reached target Swaps.
May 19 17:13:09 carrent-srv systemd[1]: Finished Load Kernel Modules.
May 19 17:13:09 carrent-srv systemd[1]: Starting Apply Kernel Variables...
May 19 17:13:09 carrent-srv systemd[1]: Finished Load/Save Random Seed.
May 19 17:13:09 carrent-srv systemd[1]: Condition check resulted in First Boot Complete being skipped.
May 19 17:13:09 carrent-srv systemd[1]: Finished Flush Journal to Persistent Storage.
May 19 17:13:09 carrent-srv systemd[1]: Finished Create System Users.
May 19 17:13:09 carrent-srv systemd[1]: Starting Create Static Device Nodes in /dev...
May 19 17:13:09 carrent-srv systemd[1]: Finished Apply Kernel Variables.
May 19 17:13:09 carrent-srv systemd[1]: Finished Create Static Device Nodes in /dev.
May 19 17:13:09 carrent-srv systemd[1]: Starting Rule-based Manager for Device Events and Files...
May 19 17:13:09 carrent-srv multipathd[444]: --------start up--------
May 19 17:13:09 carrent-srv multipathd[444]: read /etc/multipath.conf
May 19 17:13:09 carrent-srv multipathd[444]: path checkers start up
May 19 17:13:09 carrent-srv systemd[1]: Started Device-Mapper Multipath Device Controller.
May 19 17:13:09 carrent-srv systemd[1]: Reached target Preparation for Local File Systems.
May 19 17:13:09 carrent-srv systemd[1]: Mounting Mount unit for core20, revision 1974...
May 19 17:13:09 carrent-srv systemd[1]: Mounting Mount unit for lxd, revision 24322...
May 19 17:13:09 carrent-srv systemd[1]: Mounting Mount unit for snapd, revision 19457...
May 19 17:13:09 carrent-srv systemd[1]: Mounted Mount unit for core20, revision 1974.
May 19 17:13:09 carrent-srv systemd[1]: Mounted Mount unit for snapd, revision 19457.
May 19 17:13:09 carrent-srv systemd[1]: Mounted Mount unit for lxd, revision 24322.
May 19 17:13:09 carrent-srv systemd[1]: Reached target Mounted snaps.
May 19 17:13:09 carrent-srv systemd[1]: Started Rule-based Manager for Device Events and Files.
May 19 17:13:09 carrent-srv systemd[1]: Condition check resulted in Show Plymouth Boot Screen being skipped.
May 19 17:13:09 carrent-srv systemd[1]: Started Dispatch Password Requests to Console Directory Watch.
May 19 17:13:09 carrent-srv systemd[1]: Condition check resulted in Forward Password Requests to Plymouth Directory Watch being skipped.
May 19 17:13:09 carrent-srv kernel: [    0.000000] Linux version 5.15.0-179-generic (buildd@lcy02-amd64-040) (gcc (Ubuntu 11.4.0-1ubuntu1~22.04.3) 11.4.0, GNU ld (GNU Binutils for Ubuntu) 2.38) #189-Ubuntu SMP Tue May 5 18:20:56 UTC 2026 (Ubuntu 5.15.0-179.189-generic 5.15.199)
May 19 17:13:09 carrent-srv systemd[1]: Reached target Local Encrypted Volumes.
May 19 17:13:09 carrent-srv kernel: [    0.000000] Command line: BOOT_IMAGE=/vmlinuz-5.15.0-179-generic root=/dev/mapper/ubuntu--vg-ubuntu--lv ro
May 19 17:13:09 carrent-srv kernel: [    0.000000] KERNEL supported cpus:
May 19 17:13:09 carrent-srv kernel: [    0.000000]   Intel GenuineIntel
May 19 17:13:09 carrent-srv kernel: [    0.000000]   AMD AuthenticAMD
May 19 17:13:09 carrent-srv kernel: [    0.000000]   Hygon HygonGenuine
May 19 17:13:09 carrent-srv kernel: [    0.000000]   Centaur CentaurHauls
May 19 17:13:09 carrent-srv systemd[1]: Listening on Load/Save RF Kill Switch Status /dev/rfkill Watch.
May 19 17:13:09 carrent-srv kernel: [    0.000000]   zhaoxin   Shanghai  
May 19 17:13:09 carrent-srv kernel: [    0.000000] [Firmware Bug]: TSC doesn't count with P0 frequency!
May 19 17:13:09 carrent-srv kernel: [    0.000000] BIOS-provided physical RAM map:
May 19 17:13:09 carrent-srv kernel: [    0.000000] BIOS-e820: [mem 0x0000000000000000-0x000000000009fbff] usable
May 19 17:13:09 carrent-srv kernel: [    0.000000] BIOS-e820: [mem 0x000000000009fc00-0x000000000009ffff] reserved
May 19 17:13:09 carrent-srv kernel: [    0.000000] BIOS-e820: [mem 0x00000000000f0000-0x00000000000fffff] reserved
May 19 17:13:09 carrent-srv kernel: [    0.000000] BIOS-e820: [mem 0x0000000000100000-0x00000000dffeffff] usable
May 19 17:13:09 carrent-srv kernel: [    0.000000] BIOS-e820: [mem 0x00000000dfff0000-0x00000000dfffffff] ACPI data
May 19 17:13:09 carrent-srv kernel: [    0.000000] BIOS-e820: [mem 0x00000000fec00000-0x00000000fec00fff] reserved
May 19 17:13:09 carrent-srv systemd-udevd[477]: Using default interface naming scheme 'v249'.
May 19 17:13:09 carrent-srv kernel: [    0.000000] BIOS-e820: [mem 0x00000000fee00000-0x00000000fee00fff] reserved
May 19 17:13:09 carrent-srv kernel: [    0.000000] BIOS-e820: [mem 0x00000000fffc0000-0x00000000ffffffff] reserved
May 19 17:13:09 carrent-srv kernel: [    0.000000] BIOS-e820: [mem 0x0000000100000000-0x000000011fffffff] usable
May 19 17:13:09 carrent-srv kernel: [    0.000000] NX (Execute Disable) protection: active
May 19 17:13:09 carrent-srv systemd[1]: Created slice Slice /system/lvm2-pvscan.
May 19 17:13:09 carrent-srv kernel: [    0.000000] SMBIOS 2.5 present.
May 19 17:13:09 carrent-srv kernel: [    0.000000] DMI: innotek GmbH VirtualBox/VirtualBox, BIOS VirtualBox 12/01/2006
May 19 17:13:09 carrent-srv kernel: [    0.000000] Hypervisor detected: KVM
May 19 17:13:09 carrent-srv kernel: [    0.000000] kvm-clock: Using msrs 4b564d01 and 4b564d00
May 19 17:13:09 carrent-srv kernel: [    0.000000] kvm-clock: cpu 0, msr 90401001, primary cpu clock
May 19 17:13:09 carrent-srv kernel: [    0.000001] kvm-clock: using sched offset of 2974641411513 cycles
May 19 17:13:09 carrent-srv kernel: [    0.000003] clocksource: kvm-clock: mask: 0xffffffffffffffff max_cycles: 0x1cd42e4dffb, max_idle_ns: 881590591483 ns
May 19 17:13:09 carrent-srv kernel: [    0.000005] tsc: Detected 3792.912 MHz processor
May 19 17:13:09 carrent-srv kernel: [    0.001204] e820: update [mem 0x00000000-0x00000fff] usable ==> reserved
May 19 17:13:09 carrent-srv kernel: [    0.001207] e820: remove [mem 0x000a0000-0x000fffff] usable
May 19 17:13:09 carrent-srv kernel: [    0.001210] last_pfn = 0x120000 max_arch_pfn = 0x400000000
May 19 17:13:09 carrent-srv kernel: [    0.001236] Disabled
May 19 17:13:09 carrent-srv systemd[1]: Starting LVM event activation on device 8:3...
May 19 17:13:09 carrent-srv kernel: [    0.001236] x86/PAT: MTRRs disabled, skipping PAT initialization too.
May 19 17:13:09 carrent-srv kernel: [    0.001242] CPU MTRRs all blank - virtualized system.
May 19 17:13:09 carrent-srv kernel: [    0.001244] x86/PAT: Configuration [0-7]: WB  WT  UC- UC  WB  WT  UC- UC  
May 19 17:13:09 carrent-srv lvm[584]:   pvscan[584] PV /dev/sda3 online, VG ubuntu-vg is complete.
May 19 17:13:09 carrent-srv kernel: [    0.001245] last_pfn = 0xdfff0 max_arch_pfn = 0x400000000
May 19 17:13:09 carrent-srv kernel: [    0.001262] found SMP MP-table at [mem 0x0009fff0-0x0009ffff]
May 19 17:13:09 carrent-srv kernel: [    0.001368] RAMDISK: [mem 0x2a74b000-0x3139cfff]
May 19 17:13:09 carrent-srv kernel: [    0.001372] ACPI: Early table checksum verification disabled
May 19 17:13:09 carrent-srv lvm[584]:   pvscan[584] VG ubuntu-vg skip autoactivation.
May 19 17:13:09 carrent-srv kernel: [    0.001375] ACPI: RSDP 0x00000000000E0000 000024 (v02 VBOX  )
May 19 17:13:09 carrent-srv kernel: [    0.001378] ACPI: XSDT 0x00000000DFFF0030 00003C (v01 VBOX   VBOXXSDT 00000001 ASL  00000061)
May 19 17:13:09 carrent-srv kernel: [    0.001382] ACPI: FACP 0x00000000DFFF00F0 0000F4 (v04 VBOX   VBOXFACP 00000001 ASL  00000061)
May 19 17:13:09 carrent-srv kernel: [    0.001385] ACPI: DSDT 0x00000000DFFF0620 002353 (v02 VBOX   VBOXBIOS 00000002 INTL 20100528)
May 19 17:13:09 carrent-srv systemd[1]: Finished LVM event activation on device 8:3.
May 19 17:13:09 carrent-srv kernel: [    0.001387] ACPI: FACS 0x00000000DFFF0200 000040
May 19 17:13:09 carrent-srv kernel: [    0.001389] ACPI: FACS 0x00000000DFFF0200 000040
May 19 17:13:09 carrent-srv systemd[1]: Found device VBOX_HARDDISK 2.
May 19 17:13:09 carrent-srv kernel: [    0.001390] ACPI: APIC 0x00000000DFFF0240 00006C (v02 VBOX   VBOXAPIC 00000001 ASL  00000061)
May 19 17:13:09 carrent-srv kernel: [    0.001392] ACPI: SSDT 0x00000000DFFF02B0 00036C (v01 VBOX   VBOXCPUT 00000002 INTL 20100528)
May 19 17:13:09 carrent-srv kernel: [    0.001394] ACPI: Reserving FACP table memory at [mem 0xdfff00f0-0xdfff01e3]
May 19 17:13:09 carrent-srv kernel: [    0.001395] ACPI: Reserving DSDT table memory at [mem 0xdfff0620-0xdfff2972]
May 19 17:13:09 carrent-srv kernel: [    0.001395] ACPI: Reserving FACS table memory at [mem 0xdfff0200-0xdfff023f]
May 19 17:13:09 carrent-srv kernel: [    0.001396] ACPI: Reserving FACS table memory at [mem 0xdfff0200-0xdfff023f]
May 19 17:13:09 carrent-srv kernel: [    0.001397] ACPI: Reserving APIC table memory at [mem 0xdfff0240-0xdfff02ab]
May 19 17:13:09 carrent-srv systemd[1]: Starting File System Check on /dev/disk/by-uuid/2f82eca1-3c36-46fe-bfed-d91d6089736e...
May 19 17:13:09 carrent-srv kernel: [    0.001397] ACPI: Reserving SSDT table memory at [mem 0xdfff02b0-0xdfff061b]
May 19 17:13:09 carrent-srv kernel: [    0.001947] No NUMA configuration found
May 19 17:13:09 carrent-srv kernel: [    0.001948] Faking a node at [mem 0x0000000000000000-0x000000011fffffff]
May 19 17:13:09 carrent-srv kernel: [    0.001953] NODE_DATA(0) allocated [mem 0x11ffd2000-0x11fffbfff]
May 19 17:13:09 carrent-srv kernel: [    0.002429] Zone ranges:
May 19 17:13:09 carrent-srv kernel: [    0.002430]   DMA      [mem 0x0000000000001000-0x0000000000ffffff]
May 19 17:13:09 carrent-srv kernel: [    0.002432]   DMA32    [mem 0x0000000001000000-0x00000000ffffffff]
May 19 17:13:09 carrent-srv kernel: [    0.002433]   Normal   [mem 0x0000000100000000-0x000000011fffffff]
May 19 17:13:09 carrent-srv kernel: [    0.002434]   Device   empty
May 19 17:13:09 carrent-srv kernel: [    0.002435] Movable zone start for each node
May 19 17:13:09 carrent-srv systemd[1]: Started File System Check Daemon to report status.
May 19 17:13:09 carrent-srv kernel: [    0.002436] Early memory node ranges
May 19 17:13:09 carrent-srv kernel: [    0.002436]   node   0: [mem 0x0000000000001000-0x000000000009efff]
May 19 17:13:09 carrent-srv kernel: [    0.002437]   node   0: [mem 0x0000000000100000-0x00000000dffeffff]
May 19 17:13:09 carrent-srv kernel: [    0.002438]   node   0: [mem 0x0000000100000000-0x000000011fffffff]
May 19 17:13:09 carrent-srv kernel: [    0.002439] Initmem setup node 0 [mem 0x0000000000001000-0x000000011fffffff]
May 19 17:13:09 carrent-srv kernel: [    0.002443] On node 0, zone DMA: 1 pages in unavailable ranges
May 19 17:13:09 carrent-srv systemd[1]: Reached target Sound Card.
May 19 17:13:09 carrent-srv kernel: [    0.002479] On node 0, zone DMA: 97 pages in unavailable ranges
May 19 17:13:09 carrent-srv kernel: [    0.008451] On node 0, zone Normal: 16 pages in unavailable ranges
May 19 17:13:09 carrent-srv kernel: [    0.009414] ACPI: PM-Timer IO Port: 0x4008
May 19 17:13:09 carrent-srv kernel: [    0.009591] IOAPIC[0]: apic_id 4, version 32, address 0xfec00000, GSI 0-23
May 19 17:13:09 carrent-srv kernel: [    0.009594] ACPI: INT_SRC_OVR (bus 0 bus_irq 0 global_irq 2 dfl dfl)
May 19 17:13:09 carrent-srv kernel: [    0.009596] ACPI: INT_SRC_OVR (bus 0 bus_irq 9 global_irq 9 low level)
May 19 17:13:09 carrent-srv kernel: [    0.009598] ACPI: Using ACPI (MADT) for SMP configuration information
May 19 17:13:09 carrent-srv systemd-fsck[592]: /dev/sda2: clean, 316/131072 files, 60156/524288 blocks
May 19 17:13:09 carrent-srv kernel: [    0.009617] smpboot: Allowing 4 CPUs, 0 hotplug CPUs
May 19 17:13:09 carrent-srv kernel: [    0.009701] PM: hibernation: Registered nosave memory: [mem 0x00000000-0x00000fff]
May 19 17:13:09 carrent-srv kernel: [    0.009702] PM: hibernation: Registered nosave memory: [mem 0x0009f000-0x000fffff]
May 19 17:13:09 carrent-srv kernel: [    0.009703] PM: hibernation: Registered nosave memory: [mem 0xdfff0000-0xffffffff]
May 19 17:13:09 carrent-srv kernel: [    0.009704] [mem 0xe0000000-0xfebfffff] available for PCI devices
May 19 17:13:09 carrent-srv kernel: [    0.009705] Booting paravirtualized kernel on KVM
May 19 17:13:09 carrent-srv systemd[1]: Finished File System Check on /dev/disk/by-uuid/2f82eca1-3c36-46fe-bfed-d91d6089736e.
May 19 17:13:09 carrent-srv kernel: [    0.009708] clocksource: refined-jiffies: mask: 0xffffffff max_cycles: 0xffffffff, max_idle_ns: 7645519600211568 ns
May 19 17:13:09 carrent-srv kernel: [    0.009713] setup_percpu: NR_CPUS:8192 nr_cpumask_bits:4 nr_cpu_ids:4 nr_node_ids:1
May 19 17:13:09 carrent-srv kernel: [    0.010957] percpu: Embedded 62 pages/cpu s217088 r8192 d28672 u524288
May 19 17:13:09 carrent-srv kernel: [    0.010961] pcpu-alloc: s217088 r8192 d28672 u524288 alloc=1*2097152
May 19 17:13:09 carrent-srv kernel: [    0.010963] pcpu-alloc: [0] 0 1 2 3 
May 19 17:13:09 carrent-srv systemd[1]: Mounting /boot...
May 19 17:13:09 carrent-srv kernel: [    0.011023] kvm-guest: PV spinlocks enabled
May 19 17:13:09 carrent-srv kernel: [    0.011025] PV qspinlock hash table entries: 256 (order: 0, 4096 bytes, linear)
May 19 17:13:09 carrent-srv kernel: [    0.011049] Built 1 zonelists, mobility grouping on.  Total pages: 1031920
May 19 17:13:09 carrent-srv kernel: [    0.011051] Policy zone: Normal
May 19 17:13:09 carrent-srv kernel: [    0.011051] Kernel command line: BOOT_IMAGE=/vmlinuz-5.15.0-179-generic root=/dev/mapper/ubuntu--vg-ubuntu--lv ro
May 19 17:13:09 carrent-srv systemd[1]: Mounted /boot.
May 19 17:13:09 carrent-srv kernel: [    0.011216] Dentry cache hash table entries: 524288 (order: 10, 4194304 bytes, linear)
May 19 17:13:09 carrent-srv kernel: [    0.011292] Inode-cache hash table entries: 262144 (order: 9, 2097152 bytes, linear)
May 19 17:13:09 carrent-srv kernel: [    0.011374] mem auto-init: stack:off, heap alloc:on, heap free:off
May 19 17:13:09 carrent-srv kernel: [    0.024639] Memory: 3885384K/4193848K available (16393K kernel code, 4401K rwdata, 11000K rodata, 3292K init, 18768K bss, 308204K reserved, 0K cma-reserved)
May 19 17:13:09 carrent-srv kernel: [    0.025141] SLUB: HWalign=64, Order=0-3, MinObjects=0, CPUs=4, Nodes=1
May 19 17:13:09 carrent-srv kernel: [    0.025240] ftrace: allocating 50902 entries in 199 pages
May 19 17:13:09 carrent-srv kernel: [    0.039552] ftrace: allocated 199 pages with 5 groups
May 19 17:13:09 carrent-srv kernel: [    0.040088] rcu: Hierarchical RCU implementation.
May 19 17:13:09 carrent-srv kernel: [    0.040089] rcu: 	RCU restricting CPUs from NR_CPUS=8192 to nr_cpu_ids=4.
May 19 17:13:09 carrent-srv kernel: [    0.040090] 	Rude variant of Tasks RCU enabled.
May 19 17:13:09 carrent-srv kernel: [    0.040091] 	Tracing variant of Tasks RCU enabled.
May 19 17:13:09 carrent-srv systemd[1]: Reached target Local File Systems.
May 19 17:13:09 carrent-srv kernel: [    0.040092] rcu: RCU calculated value of scheduler-enlistment delay is 25 jiffies.
May 19 17:13:09 carrent-srv kernel: [    0.040092] rcu: Adjusting geometry for rcu_fanout_leaf=16, nr_cpu_ids=4
May 19 17:13:09 carrent-srv kernel: [    0.042744] NR_IRQS: 524544, nr_irqs: 456, preallocated irqs: 16
May 19 17:13:09 carrent-srv kernel: [    0.043441] random: crng init done
May 19 17:13:09 carrent-srv kernel: [    0.067188] Console: colour VGA+ 80x25
May 19 17:13:09 carrent-srv kernel: [    0.197714] printk: console [tty0] enabled
May 19 17:13:09 carrent-srv kernel: [    0.198659] ACPI: Core revision 20210730
May 19 17:13:09 carrent-srv systemd[1]: Starting Load AppArmor profiles...
May 19 17:13:09 carrent-srv kernel: [    0.199641] APIC: Switch to symmetric I/O mode setup
May 19 17:13:09 carrent-srv kernel: [    0.209679] ..TIMER: vector=0x30 apic1=0 pin1=2 apic2=-1 pin2=-1
May 19 17:13:09 carrent-srv systemd[1]: Starting Set console font and keymap...
May 19 17:13:09 carrent-srv systemd[1]: Starting Create final runtime dir for shutdown pivot root...
May 19 17:13:09 carrent-srv systemd[1]: Starting Tell Plymouth To Write Out Runtime Data...
May 19 17:13:09 carrent-srv systemd[1]: Starting Set Up Additional Binary Formats...
May 19 17:13:09 carrent-srv systemd[1]: Condition check resulted in Store a System Token in an EFI Variable being skipped.
May 19 17:13:09 carrent-srv systemd[1]: Condition check resulted in Commit a transient machine-id on disk being skipped.
May 19 17:13:09 carrent-srv systemd[1]: Starting Create Volatile Files and Directories...
May 19 17:13:09 carrent-srv systemd[1]: Starting Uncomplicated firewall...
May 19 17:13:09 carrent-srv systemd[1]: Finished Set console font and keymap.
May 19 17:13:09 carrent-srv systemd[1]: Finished Create final runtime dir for shutdown pivot root.
May 19 17:13:09 carrent-srv systemd[1]: proc-sys-fs-binfmt_misc.automount: Got automount request for /proc/sys/fs/binfmt_misc, triggered by 607 (systemd-binfmt)
May 19 17:13:09 carrent-srv systemd[1]: Mounting Arbitrary Executable File Formats File System...
May 19 17:13:09 carrent-srv systemd[1]: Finished Uncomplicated firewall.
May 19 17:13:09 carrent-srv systemd[1]: Mounted Arbitrary Executable File Formats File System.
May 19 17:13:09 carrent-srv apparmor.systemd[600]: Restarting AppArmor
May 19 17:13:09 carrent-srv apparmor.systemd[600]: Reloading AppArmor profiles
May 19 17:13:09 carrent-srv systemd[1]: Finished Set Up Additional Binary Formats.
May 19 17:13:09 carrent-srv systemd[1]: Finished Tell Plymouth To Write Out Runtime Data.
May 19 17:13:09 carrent-srv systemd[1]: Finished Create Volatile Files and Directories.
May 19 17:13:09 carrent-srv kernel: [    0.211054] clocksource: tsc-early: mask: 0xffffffffffffffff max_cycles: 0x6d5861a0dca, max_idle_ns: 881591162821 ns
May 19 17:13:09 carrent-srv systemd[1]: Starting Network Time Synchronization...
May 19 17:13:09 carrent-srv kernel: [    0.213097] Calibrating delay loop (skipped) preset value.. 7585.82 BogoMIPS (lpj=15171648)
May 19 17:13:09 carrent-srv kernel: [    0.215428] Last level iTLB entries: 4KB 512, 2MB 512, 4MB 256
May 19 17:13:09 carrent-srv kernel: [    0.216592] Last level dTLB entries: 4KB 2048, 2MB 2048, 4MB 1024, 1GB 0
May 19 17:13:09 carrent-srv systemd[1]: Starting Record System Boot/Shutdown in UTMP...
May 19 17:13:09 carrent-srv kernel: [    0.217099] Spectre V1 : Mitigation: usercopy/swapgs barriers and __user pointer sanitization
May 19 17:13:09 carrent-srv kernel: [    0.218762] Spectre V2 : Mitigation: Retpolines
May 19 17:13:09 carrent-srv kernel: [    0.219717] Spectre V2 : Spectre v2 / SpectreRSB: Filling RSB on context switch and VMEXIT
May 19 17:13:09 carrent-srv kernel: [    0.221124] active return thunk: srso_alias_return_thunk
May 19 17:13:09 carrent-srv kernel: [    0.222223] Speculative Return Stack Overflow: Mitigation: safe RET
May 19 17:13:09 carrent-srv kernel: [    0.225097] Transient Scheduler Attacks: Forcing mitigation on in a VM
May 19 17:13:09 carrent-srv systemd[1]: Finished Record System Boot/Shutdown in UTMP.
May 19 17:13:09 carrent-srv kernel: [    0.226500] Transient Scheduler Attacks: Vulnerable: Clear CPU buffers attempted, no microcode
May 19 17:13:09 carrent-srv kernel: [    0.228294] x86/fpu: x87 FPU will use FXSAVE
May 19 17:13:09 carrent-srv kernel: [    0.248227] Freeing SMP alternatives memory: 44K
May 19 17:13:09 carrent-srv kernel: [    0.249099] pid_max: default: 32768 minimum: 301
May 19 17:13:09 carrent-srv kernel: [    0.250264] LSM: Security Framework initializing
May 19 17:13:09 carrent-srv kernel: [    0.251416] landlock: Up and running.
May 19 17:13:09 carrent-srv kernel: [    0.253096] Yama: becoming mindful.
May 19 17:13:09 carrent-srv systemd[1]: Started Network Time Synchronization.
May 19 17:13:09 carrent-srv kernel: [    0.254068] AppArmor: AppArmor initialized
May 19 17:13:09 carrent-srv kernel: [    0.255202] Mount-cache hash table entries: 8192 (order: 4, 65536 bytes, linear)
May 19 17:13:09 carrent-srv kernel: [    0.256841] Mountpoint-cache hash table entries: 8192 (order: 4, 65536 bytes, linear)
May 19 17:13:09 carrent-srv kernel: [    0.363730] APIC calibration not consistent with PM-Timer: 97ms instead of 100ms
May 19 17:13:09 carrent-srv kernel: [    0.365094] APIC delta adjusted to PM-Timer: 6250182 (6098937)
May 19 17:13:09 carrent-srv kernel: [    0.365326] smpboot: CPU0: AMD Ryzen 7 5800X 8-Core Processor (family: 0x19, model: 0x21, stepping: 0x0)
May 19 17:13:09 carrent-srv systemd[1]: Reached target System Time Set.
May 19 17:13:09 carrent-srv kernel: [    0.367627] Performance Events: PMU not available due to virtualization, using software events only.
May 19 17:13:09 carrent-srv kernel: [    0.369094] signal: max sigframe size: 1440
May 19 17:13:09 carrent-srv kernel: [    0.369152] rcu: Hierarchical SRCU implementation.
May 19 17:13:09 carrent-srv kernel: [    0.370645] NMI watchdog: Perf NMI watchdog permanently disabled
May 19 17:13:09 carrent-srv kernel: [    0.371971] smp: Bringing up secondary CPUs ...
May 19 17:13:09 carrent-srv kernel: [    0.373373] x86: Booting SMP configuration:
May 19 17:13:09 carrent-srv kernel: [    0.374222] .... node  #0, CPUs:      #1
May 19 17:13:09 carrent-srv kernel: [    0.165668] kvm-clock: cpu 1, msr 90401041, secondary cpu clock
May 19 17:13:09 carrent-srv apparmor.systemd[626]: Skipping profile in /etc/apparmor.d/disable: usr.sbin.rsyslogd
May 19 17:13:09 carrent-srv kernel: [    0.377094] TSC synchronization [CPU#0 -> CPU#1]:
May 19 17:13:09 carrent-srv kernel: [    0.377094] Measured 82162 cycles TSC warp between CPUs, turning off TSC clock.
May 19 17:13:09 carrent-srv kernel: [    0.377094] tsc: Marking TSC unstable due to check_tsc_sync_source failed
May 19 17:13:09 carrent-srv kernel: [    0.377300]  #2
May 19 17:13:09 carrent-srv kernel: [    0.165668] kvm-clock: cpu 2, msr 90401081, secondary cpu clock
May 19 17:13:09 carrent-srv kernel: [    0.382516]  #3
May 19 17:13:09 carrent-srv systemd[1]: Finished Load AppArmor profiles.
May 19 17:13:09 carrent-srv kernel: [    0.165668] kvm-clock: cpu 3, msr 904010c1, secondary cpu clock
May 19 17:13:09 carrent-srv kernel: [    0.386166] smp: Brought up 1 node, 4 CPUs
May 19 17:13:09 carrent-srv kernel: [    0.387818] smpboot: Max logical packages: 1
May 19 17:13:09 carrent-srv kernel: [    0.389097] smpboot: Total of 4 processors activated (30343.29 BogoMIPS)
May 19 17:13:09 carrent-srv kernel: [    0.390678] devtmpfs: initialized
May 19 17:13:09 carrent-srv kernel: [    0.390678] x86/mm: Memory block size: 128MB
May 19 17:13:09 carrent-srv systemd[1]: Starting Load AppArmor profiles managed internally by snapd...
May 19 17:13:09 carrent-srv kernel: [    0.391285] clocksource: jiffies: mask: 0xffffffff max_cycles: 0xffffffff, max_idle_ns: 7645041785100000 ns
May 19 17:13:09 carrent-srv kernel: [    0.393111] futex hash table entries: 1024 (order: 4, 65536 bytes, linear)
May 19 17:13:09 carrent-srv kernel: [    0.394579] pinctrl core: initialized pinctrl subsystem
May 19 17:13:09 carrent-srv kernel: [    0.395885] PM: RTC time: 17:12:48, date: 2026-05-19
May 19 17:13:09 carrent-srv kernel: [    0.397094] NET: Registered PF_NETLINK/PF_ROUTE protocol family
May 19 17:13:09 carrent-srv kernel: [    0.398130] DMA: preallocated 512 KiB GFP_KERNEL pool for atomic allocations
May 19 17:13:09 carrent-srv systemd[1]: Condition check resulted in Authentication service for virtual machines hosted on VMware being skipped.
May 19 17:13:09 carrent-srv kernel: [    0.399538] DMA: preallocated 512 KiB GFP_KERNEL|GFP_DMA pool for atomic allocations
May 19 17:13:09 carrent-srv kernel: [    0.401053] DMA: preallocated 512 KiB GFP_KERNEL|GFP_DMA32 pool for atomic allocations
May 19 17:13:09 carrent-srv kernel: [    0.401164] audit: initializing netlink subsys (disabled)
May 19 17:13:09 carrent-srv kernel: [    0.402271] audit: type=2000 audit(1779213912.809:1): state=initialized audit_enabled=0 res=1
May 19 17:13:09 carrent-srv kernel: [    0.402271] thermal_sys: Registered thermal governor 'fair_share'
May 19 17:13:09 carrent-srv kernel: [    0.405097] thermal_sys: Registered thermal governor 'bang_bang'
May 19 17:13:09 carrent-srv kernel: [    0.406273] thermal_sys: Registered thermal governor 'step_wise'
May 19 17:13:09 carrent-srv kernel: [    0.407376] thermal_sys: Registered thermal governor 'user_space'
May 19 17:13:09 carrent-srv systemd[1]: Condition check resulted in Service for virtual machines hosted on VMware being skipped.
May 19 17:13:09 carrent-srv kernel: [    0.408481] thermal_sys: Registered thermal governor 'power_allocator'
May 19 17:13:09 carrent-srv kernel: [    0.409094] cpuidle: using governor ladder
May 19 17:13:09 carrent-srv kernel: [    0.409987] cpuidle: using governor menu
May 19 17:13:09 carrent-srv kernel: [    0.412140] ACPI: bus type PCI registered
May 19 17:13:09 carrent-srv kernel: [    0.412140] acpiphp: ACPI Hot Plug PCI Controller Driver version: 0.5
May 19 17:13:09 carrent-srv kernel: [    0.413305] PCI: Using configuration type 1 for base access
May 19 17:13:09 carrent-srv kernel: [    0.414395] PCI: Using configuration type 1 for extended access
May 19 17:13:09 carrent-srv kernel: [    0.417094] kprobes: kprobe jump-optimization is enabled. All kprobes are optimized if possible.
May 19 17:13:09 carrent-srv kernel: [    0.417310] HugeTLB registered 2.00 MiB page size, pre-allocated 0 pages
May 19 17:13:09 carrent-srv kernel: [    0.437267] ACPI: Added _OSI(Module Device)
May 19 17:13:09 carrent-srv systemd[1]: Starting Cloud-init: Local Stage (pre-network)...
May 19 17:13:09 carrent-srv kernel: [    0.438285] ACPI: Added _OSI(Processor Device)
May 19 17:13:09 carrent-srv kernel: [    0.438285] ACPI: Added _OSI(Processor Aggregator Device)
May 19 17:13:09 carrent-srv kernel: [    0.438285] ACPI: Added _OSI(Linux-Dell-Video)
May 19 17:13:09 carrent-srv kernel: [    0.439629] ACPI: Added _OSI(Linux-Lenovo-NV-HDMI-Audio)
May 19 17:13:09 carrent-srv kernel: [    0.441106] ACPI: Added _OSI(Linux-HPI-Hybrid-Graphics)
May 19 17:13:09 carrent-srv kernel: [    0.445094] ACPI: 2 ACPI AML tables successfully acquired and loaded
May 19 17:13:09 carrent-srv kernel: [    0.449313] ACPI: Interpreter enabled
May 19 17:13:09 carrent-srv kernel: [    0.450191] ACPI: PM: (supports S0 S5)
May 19 17:13:09 carrent-srv kernel: [    0.451085] ACPI: Using IOAPIC for interrupt routing
May 19 17:13:09 carrent-srv kernel: [    0.451085] PCI: Using host bridge windows from ACPI; if necessary, use "pci=nocrs" and report a bug
May 19 17:13:09 carrent-srv kernel: [    0.451349] PCI: Using E820 reservations for host bridge windows
May 19 17:13:09 carrent-srv kernel: [    0.452730] ACPI: Enabled 2 GPEs in block 00 to 07
May 19 17:13:09 carrent-srv snapd-apparmor[627]: main.go:146: Loading profiles [/var/lib/snapd/apparmor/profiles/snap-confine.snapd.19457 /var/lib/snapd/apparmor/profiles/snap-update-ns.lxd /var/lib/snapd/apparmor/profiles/snap.lxd.activate /var/lib/snapd/apparmor/profiles/snap.lxd.benchmark /var/lib/snapd/apparmor/profiles/snap.lxd.buginfo /var/lib/snapd/apparmor/profiles/snap.lxd.check-kernel /var/lib/snapd/apparmor/profiles/snap.lxd.daemon /var/lib/snapd/apparmor/profiles/snap.lxd.hook.configure /var/lib/snapd/apparmor/profiles/snap.lxd.hook.install /var/lib/snapd/apparmor/profiles/snap.lxd.hook.remove /var/lib/snapd/apparmor/profiles/snap.lxd.lxc /var/lib/snapd/apparmor/profiles/snap.lxd.lxc-to-lxd /var/lib/snapd/apparmor/profiles/snap.lxd.lxd /var/lib/snapd/apparmor/profiles/snap.lxd.migrate /var/lib/snapd/apparmor/profiles/snap.lxd.user-daemon]
May 19 17:13:09 carrent-srv kernel: [    0.457974] ACPI: PCI Root Bridge [PCI0] (domain 0000 [bus 00-ff])
May 19 17:13:09 carrent-srv kernel: [    0.459281] acpi PNP0A03:00: _OSC: OS supports [ExtendedConfig ASPM ClockPM Segments MSI EDR HPX-Type3]
May 19 17:13:09 carrent-srv kernel: [    0.461895] acpi PNP0A03:00: _OSC: platform does not support [PCIeCapability LTR DPC]
May 19 17:13:09 carrent-srv kernel: [    0.464336] acpi PNP0A03:00: _OSC: not requesting control; platform does not support [PCIeCapability]
May 19 17:13:09 carrent-srv kernel: [    0.465094] acpi PNP0A03:00: _OSC: OS requested [PCIeHotplug SHPCHotplug PME AER PCIeCapability LTR DPC]
May 19 17:13:09 carrent-srv kernel: [    0.469097] acpi PNP0A03:00: _OSC: platform willing to grant [PCIeHotplug SHPCHotplug PME AER]
May 19 17:13:09 carrent-srv systemd[1]: Finished Load AppArmor profiles managed internally by snapd.
May 19 17:13:09 carrent-srv kernel: [    0.470813] acpi PNP0A03:00: _OSC: platform retains control of PCIe features (AE_SUPPORT)
May 19 17:13:09 carrent-srv kernel: [    0.470813] PCI host bridge to bus 0000:00
May 19 17:13:09 carrent-srv kernel: [    0.470813] pci_bus 0000:00: root bus resource [io  0x0000-0x0cf7 window]
May 19 17:13:09 carrent-srv kernel: [    0.472284] pci_bus 0000:00: root bus resource [io  0x0d00-0xffff window]
May 19 17:13:09 carrent-srv kernel: [    0.473094] pci_bus 0000:00: root bus resource [mem 0x000a0000-0x000bffff window]
May 19 17:13:09 carrent-srv kernel: [    0.477097] pci_bus 0000:00: root bus resource [mem 0xe0000000-0xfdffffff window]
May 19 17:13:09 carrent-srv kernel: [    0.478646] pci_bus 0000:00: root bus resource [bus 00-ff]
May 19 17:13:09 carrent-srv cloud-init[654]: Cloud-init v. 25.1.4-0ubuntu0~22.04.1 running 'init-local' at Tue, 19 May 2026 17:13:04 +0000. Up 15.74 seconds.
May 19 17:13:09 carrent-srv systemd[1]: Finished Cloud-init: Local Stage (pre-network).
May 19 17:13:09 carrent-srv kernel: [    0.480534] pci 0000:00:00.0: [8086:1237] type 00 class 0x060000
May 19 17:13:09 carrent-srv kernel: [    0.480534] pci 0000:00:01.0: [8086:7000] type 00 class 0x060100
May 19 17:13:09 carrent-srv kernel: [    0.482050] pci 0000:00:01.1: [8086:7111] type 00 class 0x01018a
May 19 17:13:09 carrent-srv kernel: [    0.483926] pci 0000:00:01.1: reg 0x20: [io  0xd000-0xd00f]
May 19 17:13:09 carrent-srv kernel: [    0.485094] pci 0000:00:01.1: legacy IDE quirk: reg 0x10: [io  0x01f0-0x01f7]
May 19 17:13:09 carrent-srv kernel: [    0.485097] pci 0000:00:01.1: legacy IDE quirk: reg 0x14: [io  0x03f6]
May 19 17:13:09 carrent-srv systemd[1]: Reached target Preparation for Network.
May 19 17:13:09 carrent-srv systemd[1]: Starting Network Configuration...
May 19 17:13:09 carrent-srv systemd-networkd[655]: lo: Link UP
May 19 17:13:09 carrent-srv systemd-networkd[655]: lo: Gained carrier
May 19 17:13:09 carrent-srv systemd-networkd[655]: Enumeration completed
May 19 17:13:09 carrent-srv systemd[1]: Started Network Configuration.
May 19 17:13:09 carrent-srv systemd[1]: Starting Wait for Network to be Configured...
May 19 17:13:09 carrent-srv systemd[1]: Starting Network Name Resolution...
May 19 17:13:09 carrent-srv systemd-networkd[655]: enp0s3: Link UP
May 19 17:13:09 carrent-srv systemd-networkd[655]: enp0s3: Gained carrier
May 19 17:13:09 carrent-srv systemd-resolved[657]: Positive Trust Anchors:
May 19 17:13:09 carrent-srv systemd-resolved[657]: . IN DS 20326 8 2 e06d44b80b8f1d39a95c0b0d7c65d08458e880409bbc683457104237c7f8ec8d
May 19 17:13:09 carrent-srv systemd-resolved[657]: Negative trust anchors: home.arpa 10.in-addr.arpa 16.172.in-addr.arpa 17.172.in-addr.arpa 18.172.in-addr.arpa 19.172.in-addr.arpa 20.172.in-addr.arpa 21.172.in-addr.arpa 22.172.in-addr.arpa 23.172.in-addr.arpa 24.172.in-addr.arpa 25.172.in-addr.arpa 26.172.in-addr.arpa 27.172.in-addr.arpa 28.172.in-addr.arpa 29.172.in-addr.arpa 30.172.in-addr.arpa 31.172.in-addr.arpa 168.192.in-addr.arpa d.f.ip6.arpa corp home internal intranet lan local private test
May 19 17:13:09 carrent-srv systemd-resolved[657]: Using system hostname 'carrent-srv'.
May 19 17:13:09 carrent-srv systemd[1]: Started Network Name Resolution.
May 19 17:13:09 carrent-srv systemd[1]: Reached target Network.
May 19 17:13:09 carrent-srv systemd[1]: Reached target Host and Network Name Lookups.
May 19 17:13:09 carrent-srv systemd-networkd[655]: enp0s3: DHCPv4 address 192.168.88.26/24 via 192.168.88.1
May 19 17:13:09 carrent-srv systemd-timesyncd[617]: Network configuration changed, trying to establish connection.
May 19 17:13:09 carrent-srv systemd-networkd[655]: enp0s3: Gained IPv6LL
May 19 17:13:09 carrent-srv systemd-timesyncd[617]: Network configuration changed, trying to establish connection.
May 19 17:13:09 carrent-srv systemd[1]: Finished Wait for Network to be Configured.
May 19 17:13:09 carrent-srv systemd[1]: Starting Cloud-init: Network Stage...
May 19 17:13:09 carrent-srv cloud-init[662]: Cloud-init v. 25.1.4-0ubuntu0~22.04.1 running 'init' at Tue, 19 May 2026 17:13:06 +0000. Up 17.59 seconds.
May 19 17:13:09 carrent-srv cloud-init[662]: ci-info: ++++++++++++++++++++++++++++++++++++++Net device info+++++++++++++++++++++++++++++++++++++++
May 19 17:13:09 carrent-srv cloud-init[662]: ci-info: +--------+------+-----------------------------+---------------+--------+-------------------+
May 19 17:13:09 carrent-srv cloud-init[662]: ci-info: | Device |  Up  |           Address           |      Mask     | Scope  |     Hw-Address    |
May 19 17:13:09 carrent-srv cloud-init[662]: ci-info: +--------+------+-----------------------------+---------------+--------+-------------------+
May 19 17:13:09 carrent-srv cloud-init[662]: ci-info: | enp0s3 | True |        192.168.88.26        | 255.255.255.0 | global | 08:00:27:37:c3:55 |
May 19 17:13:09 carrent-srv kernel: [    0.486759] pci 0000:00:01.1: legacy IDE quirk: reg 0x18: [io  0x0170-0x0177]
May 19 17:13:09 carrent-srv kernel: [    0.488224] pci 0000:00:01.1: legacy IDE quirk: reg 0x1c: [io  0x0376]
May 19 17:13:09 carrent-srv kernel: [    0.490740] pci 0000:00:02.0: [15ad:0405] type 00 class 0x030000
May 19 17:13:09 carrent-srv kernel: [    0.493077] pci 0000:00:02.0: reg 0x10: [io  0xd010-0xd01f]
May 19 17:13:09 carrent-srv kernel: [    0.493094] pci 0000:00:02.0: reg 0x14: [mem 0xe0000000-0xe0ffffff pref]
May 19 17:13:09 carrent-srv kernel: [    0.497112] pci 0000:00:02.0: reg 0x18: [mem 0xf0000000-0xf01fffff]
May 19 17:13:09 carrent-srv kernel: [    0.498536] pci 0000:00:02.0: Video device with shadowed ROM at [mem 0x000c0000-0x000dffff]
May 19 17:13:09 carrent-srv kernel: [    0.498536] pci 0000:00:03.0: [8086:100e] type 00 class 0x020000
May 19 17:13:09 carrent-srv kernel: [    0.499921] pci 0000:00:03.0: reg 0x10: [mem 0xf0200000-0xf021ffff]
May 19 17:13:09 carrent-srv kernel: [    0.501094] pci 0000:00:03.0: reg 0x18: [io  0xd020-0xd027]
May 19 17:13:09 carrent-srv kernel: [    0.503397] pci 0000:00:04.0: [80ee:cafe] type 00 class 0x088000
May 19 17:13:09 carrent-srv kernel: [    0.505094] pci 0000:00:04.0: reg 0x10: [io  0xd040-0xd05f]
May 19 17:13:09 carrent-srv kernel: [    0.505112] pci 0000:00:04.0: reg 0x14: [mem 0xf0400000-0xf07fffff]
May 19 17:13:09 carrent-srv kernel: [    0.506424] pci 0000:00:04.0: reg 0x18: [mem 0xf0800000-0xf0803fff pref]
May 19 17:13:09 carrent-srv cloud-init[662]: ci-info: | enp0s3 | True | fe80::a00:27ff:fe37:c355/64 |       .       |  link  | 08:00:27:37:c3:55 |
May 19 17:13:09 carrent-srv cloud-init[662]: ci-info: |   lo   | True |          127.0.0.1          |   255.0.0.0   |  host  |         .         |
May 19 17:13:09 carrent-srv cloud-init[662]: ci-info: |   lo   | True |           ::1/128           |       .       |  host  |         .         |
May 19 17:13:09 carrent-srv cloud-init[662]: ci-info: +--------+------+-----------------------------+---------------+--------+-------------------+
May 19 17:13:09 carrent-srv cloud-init[662]: ci-info: +++++++++++++++++++++++++++++++Route IPv4 info+++++++++++++++++++++++++++++++
May 19 17:13:09 carrent-srv cloud-init[662]: ci-info: +-------+--------------+--------------+-----------------+-----------+-------+
May 19 17:13:09 carrent-srv cloud-init[662]: ci-info: | Route | Destination  |   Gateway    |     Genmask     | Interface | Flags |
May 19 17:13:09 carrent-srv cloud-init[662]: ci-info: +-------+--------------+--------------+-----------------+-----------+-------+
May 19 17:13:09 carrent-srv cloud-init[662]: ci-info: |   0   |   0.0.0.0    | 192.168.88.1 |     0.0.0.0     |   enp0s3  |   UG  |
May 19 17:13:09 carrent-srv cloud-init[662]: ci-info: |   1   | 192.168.88.0 |   0.0.0.0    |  255.255.255.0  |   enp0s3  |   U   |
May 19 17:13:09 carrent-srv cloud-init[662]: ci-info: |   2   | 192.168.88.1 |   0.0.0.0    | 255.255.255.255 |   enp0s3  |   UH  |
May 19 17:13:09 carrent-srv cloud-init[662]: ci-info: +-------+--------------+--------------+-----------------+-----------+-------+
May 19 17:13:09 carrent-srv cloud-init[662]: ci-info: +++++++++++++++++++Route IPv6 info+++++++++++++++++++
May 19 17:13:09 carrent-srv cloud-init[662]: ci-info: +-------+-------------+---------+-----------+-------+
May 19 17:13:09 carrent-srv cloud-init[662]: ci-info: | Route | Destination | Gateway | Interface | Flags |
May 19 17:13:09 carrent-srv cloud-init[662]: ci-info: +-------+-------------+---------+-----------+-------+
May 19 17:13:09 carrent-srv cloud-init[662]: ci-info: |   1   |  fe80::/64  |    ::   |   enp0s3  |   U   |
May 19 17:13:09 carrent-srv cloud-init[662]: ci-info: |   3   |    local    |    ::   |   enp0s3  |   U   |
May 19 17:13:09 carrent-srv cloud-init[662]: ci-info: |   4   |  multicast  |    ::   |   enp0s3  |   U   |
May 19 17:13:09 carrent-srv cloud-init[662]: ci-info: +-------+-------------+---------+-----------+-------+
May 19 17:13:09 carrent-srv kernel: [    0.509136] pci 0000:00:05.0: [8086:2415] type 00 class 0x040100
May 19 17:13:09 carrent-srv kernel: [    0.510908] pci 0000:00:05.0: reg 0x10: [io  0xd100-0xd1ff]
May 19 17:13:09 carrent-srv kernel: [    0.512113] pci 0000:00:05.0: reg 0x14: [io  0xd200-0xd23f]
May 19 17:13:09 carrent-srv kernel: [    0.513533] pci 0000:00:06.0: [106b:003f] type 00 class 0x0c0310
May 19 17:13:09 carrent-srv kernel: [    0.515358] pci 0000:00:06.0: reg 0x10: [mem 0xf0804000-0xf0804fff]
May 19 17:13:09 carrent-srv kernel: [    0.517501] pci 0000:00:07.0: [8086:7113] type 00 class 0x068000
May 19 17:13:09 carrent-srv kernel: [    0.519779] pci 0000:00:07.0: quirk: [io  0x4000-0x403f] claimed by PIIX4 ACPI
May 19 17:13:09 carrent-srv kernel: [    0.521094] pci 0000:00:07.0: quirk: [io  0x4100-0x410f] claimed by PIIX4 SMB
May 19 17:13:09 carrent-srv kernel: [    0.525645] pci 0000:00:0b.0: [8086:265c] type 00 class 0x0c0320
May 19 17:13:09 carrent-srv kernel: [    0.527517] pci 0000:00:0b.0: reg 0x10: [mem 0xf0805000-0xf0805fff]
May 19 17:13:09 carrent-srv kernel: [    0.530248] pci 0000:00:0d.0: [8086:2829] type 00 class 0x010601
May 19 17:13:09 carrent-srv kernel: [    0.532068] pci 0000:00:0d.0: reg 0x10: [io  0xd240-0xd247]
May 19 17:13:09 carrent-srv kernel: [    0.533094] pci 0000:00:0d.0: reg 0x14: [io  0xd248-0xd24b]
May 19 17:13:09 carrent-srv kernel: [    0.533111] pci 0000:00:0d.0: reg 0x18: [io  0xd250-0xd257]
May 19 17:13:09 carrent-srv kernel: [    0.534562] pci 0000:00:0d.0: reg 0x1c: [io  0xd258-0xd25b]
May 19 17:13:09 carrent-srv kernel: [    0.535755] pci 0000:00:0d.0: reg 0x20: [io  0xd260-0xd26f]
May 19 17:13:09 carrent-srv kernel: [    0.536962] pci 0000:00:0d.0: reg 0x24: [mem 0xf0806000-0xf0807fff]
May 19 17:13:09 carrent-srv kernel: [    0.556244] ACPI: PCI: Interrupt link LNKA configured for IRQ 11
May 19 17:13:09 carrent-srv kernel: [    0.557253] ACPI: PCI: Interrupt link LNKB configured for IRQ 10
May 19 17:13:09 carrent-srv kernel: [    0.558737] ACPI: PCI: Interrupt link LNKC configured for IRQ 9
May 19 17:13:09 carrent-srv kernel: [    0.560102] ACPI: PCI: Interrupt link LNKD configured for IRQ 11
May 19 17:13:09 carrent-srv kernel: [    0.561191] iommu: Default domain type: Translated 
May 19 17:13:09 carrent-srv kernel: [    0.561233] iommu: DMA domain TLB invalidation policy: lazy mode 
May 19 17:13:09 carrent-srv kernel: [    0.562638] SCSI subsystem initialized
May 19 17:13:09 carrent-srv kernel: [    0.565188] libata version 3.00 loaded.
May 19 17:13:09 carrent-srv kernel: [    0.565258] pci 0000:00:02.0: vgaarb: setting as boot VGA device
May 19 17:13:09 carrent-srv kernel: [    0.566444] pci 0000:00:02.0: vgaarb: VGA device added: decodes=io+mem,owns=io+mem,locks=none
May 19 17:13:09 carrent-srv kernel: [    0.569105] pci 0000:00:02.0: vgaarb: bridge control possible
May 19 17:13:09 carrent-srv kernel: [    0.570347] vgaarb: loaded
May 19 17:13:09 carrent-srv kernel: [    0.571103] ACPI: bus type USB registered
May 19 17:13:09 carrent-srv kernel: [    0.571103] usbcore: registered new interface driver usbfs
May 19 17:13:09 carrent-srv cloud-init[662]: Generating public/private rsa key pair.
May 19 17:13:09 carrent-srv cloud-init[662]: Your identification has been saved in /etc/ssh/ssh_host_rsa_key
May 19 17:13:09 carrent-srv kernel: [    0.571103] usbcore: registered new interface driver hub
May 19 17:13:09 carrent-srv kernel: [    0.571472] usbcore: registered new device driver usb
May 19 17:13:09 carrent-srv kernel: [    0.572601] pps_core: LinuxPPS API ver. 1 registered
May 19 17:13:09 carrent-srv kernel: [    0.573094] pps_core: Software ver. 5.3.6 - Copyright 2005-2007 Rodolfo Giometti <giometti@linux.it>
May 19 17:13:09 carrent-srv cloud-init[662]: Your public key has been saved in /etc/ssh/ssh_host_rsa_key.pub
May 19 17:13:09 carrent-srv kernel: [    0.577101] PTP clock support registered
May 19 17:13:09 carrent-srv kernel: [    0.578105] EDAC MC: Ver: 3.0.0
May 19 17:13:09 carrent-srv cloud-init[662]: The key fingerprint is:
May 19 17:13:09 carrent-srv kernel: [    0.581364] NetLabel: Initializing
May 19 17:13:09 carrent-srv kernel: [    0.582314] NetLabel:  domain hash size = 128
May 19 17:13:09 carrent-srv kernel: [    0.583333] NetLabel:  protocols = UNLABELED CIPSOv4 CALIPSO
May 19 17:13:09 carrent-srv kernel: [    0.584551] NetLabel:  unlabeled traffic allowed by default
May 19 17:13:09 carrent-srv kernel: [    0.584551] PCI: Using ACPI for IRQ routing
May 19 17:13:09 carrent-srv kernel: [    0.584551] PCI: pci_cache_line_size set to 64 bytes
May 19 17:13:09 carrent-srv kernel: [    0.584551] e820: reserve RAM buffer [mem 0x0009fc00-0x0009ffff]
May 19 17:13:09 carrent-srv cloud-init[662]: SHA256:JkGcfFlMP64Zx2gKOT5fPJZNZufTx2chtzCzF5mHXN4 root@carrent-srv
May 19 17:13:09 carrent-srv cloud-init[662]: The key's randomart image is:
May 19 17:13:09 carrent-srv kernel: [    0.584551] e820: reserve RAM buffer [mem 0xdfff0000-0xdfffffff]
May 19 17:13:09 carrent-srv kernel: [    0.585570] clocksource: Switched to clocksource kvm-clock
May 19 17:13:09 carrent-srv kernel: [    0.605038] VFS: Disk quotas dquot_6.6.0
May 19 17:13:09 carrent-srv kernel: [    0.606229] VFS: Dquot-cache hash table entries: 512 (order 0, 4096 bytes)
May 19 17:13:09 carrent-srv kernel: [    0.607787] AppArmor: AppArmor Filesystem Enabled
May 19 17:13:09 carrent-srv kernel: [    0.608876] pnp: PnP ACPI init
May 19 17:13:09 carrent-srv kernel: [    0.610198] pnp: PnP ACPI: found 2 devices
May 19 17:13:09 carrent-srv kernel: [    0.637571] clocksource: acpi_pm: mask: 0xffffff max_cycles: 0xffffff, max_idle_ns: 2085701024 ns
May 19 17:13:09 carrent-srv kernel: [    0.639563] NET: Registered PF_INET protocol family
May 19 17:13:09 carrent-srv kernel: [    0.640733] IP idents hash table entries: 65536 (order: 7, 524288 bytes, linear)
May 19 17:13:09 carrent-srv kernel: [    0.642727] tcp_listen_portaddr_hash hash table entries: 2048 (order: 3, 32768 bytes, linear)
May 19 17:13:09 carrent-srv kernel: [    0.644572] Table-perturb hash table entries: 65536 (order: 6, 262144 bytes, linear)
May 19 17:13:09 carrent-srv kernel: [    0.646244] TCP established hash table entries: 32768 (order: 6, 262144 bytes, linear)
May 19 17:13:09 carrent-srv cloud-init[662]: +---[RSA 3072]----+
May 19 17:13:09 carrent-srv cloud-init[662]: |     o.. =o      |
May 19 17:13:09 carrent-srv kernel: [    0.648384] TCP bind hash table entries: 32768 (order: 7, 524288 bytes, linear)
May 19 17:13:09 carrent-srv kernel: [    0.649908] TCP: Hash tables configured (established 32768 bind 32768)
May 19 17:13:09 carrent-srv kernel: [    0.651446] MPTCP token hash table entries: 4096 (order: 5, 98304 bytes, linear)
May 19 17:13:09 carrent-srv kernel: [    0.652231] UDP hash table entries: 2048 (order: 4, 65536 bytes, linear)
May 19 17:13:09 carrent-srv kernel: [    0.652231] UDP-Lite hash table entries: 2048 (order: 4, 65536 bytes, linear)
May 19 17:13:09 carrent-srv kernel: [    0.652231] NET: Registered PF_UNIX/PF_LOCAL protocol family
May 19 17:13:09 carrent-srv cloud-init[662]: |     .+ o ..     |
May 19 17:13:09 carrent-srv kernel: [    0.652231] NET: Registered PF_XDP protocol family
May 19 17:13:09 carrent-srv kernel: [    0.652231] pci_bus 0000:00: resource 4 [io  0x0000-0x0cf7 window]
May 19 17:13:09 carrent-srv kernel: [    0.652231] pci_bus 0000:00: resource 5 [io  0x0d00-0xffff window]
May 19 17:13:09 carrent-srv kernel: [    0.652231] pci_bus 0000:00: resource 6 [mem 0x000a0000-0x000bffff window]
May 19 17:13:09 carrent-srv kernel: [    0.652231] pci_bus 0000:00: resource 7 [mem 0xe0000000-0xfdffffff window]
May 19 17:13:09 carrent-srv cloud-init[662]: |      ..    o   .|
May 19 17:13:09 carrent-srv kernel: [    0.652231] pci 0000:00:00.0: Limiting direct PCI/PCI transfers
May 19 17:13:09 carrent-srv cloud-init[662]: |       o   + o ++|
May 19 17:13:09 carrent-srv cloud-init[662]: |      = S + B=+*E|
May 19 17:13:09 carrent-srv kernel: [    0.652231] pci 0000:00:01.0: Activating ISA DMA hang workarounds
May 19 17:13:09 carrent-srv kernel: [    0.652231] PCI: CLS 0 bytes, default 64
May 19 17:13:09 carrent-srv kernel: [    0.652231] PCI-DMA: Using software bounce buffering for IO (SWIOTLB)
May 19 17:13:09 carrent-srv kernel: [    0.670855] Trying to unpack rootfs image as initramfs...
May 19 17:13:09 carrent-srv kernel: [    0.672584] software IO TLB: mapped [mem 0x00000000dbff0000-0x00000000dfff0000] (64MB)
May 19 17:13:09 carrent-srv kernel: [    0.675615] platform rtc_cmos: registered platform RTC device (no PNP device found)
May 19 17:13:09 carrent-srv kernel: [    0.678865] Initialise system trusted keyrings
May 19 17:13:09 carrent-srv cloud-init[662]: |     . = + @ oBo=|
May 19 17:13:09 carrent-srv kernel: [    0.679941] Key type blacklist registered
May 19 17:13:09 carrent-srv kernel: [    0.681353] workingset: timestamp_bits=36 max_order=20 bucket_order=0
May 19 17:13:09 carrent-srv kernel: [    0.684788] zbud: loaded
May 19 17:13:09 carrent-srv kernel: [    0.685754] squashfs: version 4.0 (2009/01/31) Phillip Lougher
May 19 17:13:09 carrent-srv kernel: [    0.688489] fuse: init (API version 7.34)
May 19 17:13:09 carrent-srv kernel: [    0.690720] integrity: Platform Keyring initialized
May 19 17:13:09 carrent-srv cloud-init[662]: |      o . O ..oo*|
May 19 17:13:09 carrent-srv kernel: [    0.694773] Key type asymmetric registered
May 19 17:13:09 carrent-srv cloud-init[662]: |       o o .  .oo|
May 19 17:13:09 carrent-srv kernel: [    0.695751] Asymmetric key parser 'x509' registered
May 19 17:13:09 carrent-srv kernel: [    0.696876] Block layer SCSI generic (bsg) driver version 0.4 loaded (major 243)
May 19 17:13:09 carrent-srv kernel: [    0.699083] io scheduler mq-deadline registered
May 19 17:13:09 carrent-srv kernel: [    0.701252] shpchp: Standard Hot Plug PCI Controller Driver version: 0.4
May 19 17:13:09 carrent-srv kernel: [    0.702972] ACPI: AC: AC Adapter [AC] (on-line)
May 19 17:13:09 carrent-srv kernel: [    0.703938] input: Power Button as /devices/LNXSYSTM:00/LNXPWRBN:00/input/input0
May 19 17:13:09 carrent-srv cloud-init[662]: |        .        |
May 19 17:13:09 carrent-srv kernel: [    0.705399] ACPI: button: Power Button [PWRF]
May 19 17:13:09 carrent-srv kernel: [    0.706527] input: Sleep Button as /devices/LNXSYSTM:00/LNXSLPBN:00/input/input1
May 19 17:13:09 carrent-srv kernel: [    0.707972] ACPI: button: Sleep Button [SLPF]
May 19 17:13:09 carrent-srv kernel: [    0.710113] Serial: 8250/16550 driver, 32 ports, IRQ sharing enabled
May 19 17:13:09 carrent-srv cloud-init[662]: +----[SHA256]-----+
May 19 17:13:09 carrent-srv kernel: [    0.720492] Linux agpgart interface v0.103
May 19 17:13:09 carrent-srv kernel: [    0.726875] loop: module loaded
May 19 17:13:09 carrent-srv cloud-init[662]: Generating public/private ecdsa key pair.
May 19 17:13:09 carrent-srv kernel: [    0.728147] ata_piix 0000:00:01.1: version 2.13
May 19 17:13:09 carrent-srv kernel: [    0.729699] scsi host0: ata_piix
May 19 17:13:09 carrent-srv kernel: [    0.731390] scsi host1: ata_piix
May 19 17:13:09 carrent-srv kernel: [    0.732120] ata1: PATA max UDMA/33 cmd 0x1f0 ctl 0x3f6 bmdma 0xd000 irq 14
May 19 17:13:09 carrent-srv kernel: [    0.733555] ata2: PATA max UDMA/33 cmd 0x170 ctl 0x376 bmdma 0xd008 irq 15
May 19 17:13:09 carrent-srv kernel: [    0.735556] tun: Universal TUN/TAP device driver, 1.6
May 19 17:13:09 carrent-srv cloud-init[662]: Your identification has been saved in /etc/ssh/ssh_host_ecdsa_key
May 19 17:13:09 carrent-srv kernel: [    0.736745] PPP generic driver version 2.4.2
May 19 17:13:09 carrent-srv kernel: [    0.737949] VFIO - User Level meta-driver version: 0.3
May 19 17:13:09 carrent-srv kernel: [    0.739457] ehci_hcd: USB 2.0 'Enhanced' Host Controller (EHCI) Driver
May 19 17:13:09 carrent-srv kernel: [    0.740686] ehci-pci: EHCI PCI platform driver
May 19 17:13:09 carrent-srv kernel: [    0.742581] ehci-pci 0000:00:0b.0: EHCI Host Controller
May 19 17:13:09 carrent-srv kernel: [    0.743644] ehci-pci 0000:00:0b.0: new USB bus registered, assigned bus number 1
May 19 17:13:09 carrent-srv kernel: [    0.745851] ehci-pci 0000:00:0b.0: irq 19, io mem 0xf0805000
May 19 17:13:09 carrent-srv cloud-init[662]: Your public key has been saved in /etc/ssh/ssh_host_ecdsa_key.pub
May 19 17:13:09 carrent-srv kernel: [    0.765221] ehci-pci 0000:00:0b.0: USB 2.0 started, EHCI 1.00
May 19 17:13:09 carrent-srv cloud-init[662]: The key fingerprint is:
May 19 17:13:09 carrent-srv kernel: [    0.766598] usb usb1: New USB device found, idVendor=1d6b, idProduct=0002, bcdDevice= 5.15
May 19 17:13:09 carrent-srv kernel: [    0.768560] usb usb1: New USB device strings: Mfr=3, Product=2, SerialNumber=1
May 19 17:13:09 carrent-srv kernel: [    0.770157] usb usb1: Product: EHCI Host Controller
May 19 17:13:09 carrent-srv kernel: [    0.771122] usb usb1: Manufacturer: Linux 5.15.0-179-generic ehci_hcd
May 19 17:13:09 carrent-srv kernel: [    0.772339] usb usb1: SerialNumber: 0000:00:0b.0
May 19 17:13:09 carrent-srv cloud-init[662]: SHA256:fm3fPfPjzSfv0+P0TJlJBdNIH+TSY+lGtIZEuyX9IDY root@carrent-srv
May 19 17:13:09 carrent-srv kernel: [    0.773556] hub 1-0:1.0: USB hub found
May 19 17:13:09 carrent-srv kernel: [    0.774338] hub 1-0:1.0: 12 ports detected
May 19 17:13:09 carrent-srv kernel: [    0.776227] ehci-platform: EHCI generic platform driver
May 19 17:13:09 carrent-srv kernel: [    0.777361] ohci_hcd: USB 1.1 'Open' Host Controller (OHCI) Driver
May 19 17:13:09 carrent-srv kernel: [    0.778678] ohci-pci: OHCI PCI platform driver
May 19 17:13:09 carrent-srv kernel: [    0.780766] ohci-pci 0000:00:06.0: OHCI PCI host controller
May 19 17:13:09 carrent-srv kernel: [    0.781856] ohci-pci 0000:00:06.0: new USB bus registered, assigned bus number 2
May 19 17:13:09 carrent-srv cloud-init[662]: The key's randomart image is:
May 19 17:13:09 carrent-srv cloud-init[662]: +---[ECDSA 256]---+
May 19 17:13:09 carrent-srv cloud-init[662]: |            .+=* |
May 19 17:13:09 carrent-srv cloud-init[662]: |            . O+=|
May 19 17:13:09 carrent-srv cloud-init[662]: |            E=.%o|
May 19 17:13:09 carrent-srv cloud-init[662]: |           . oX.+|
May 19 17:13:09 carrent-srv cloud-init[662]: |        S    . +.|
May 19 17:13:09 carrent-srv cloud-init[662]: |       .   .  o +|
May 19 17:13:09 carrent-srv cloud-init[662]: |        . . o  =o|
May 19 17:13:09 carrent-srv cloud-init[662]: |         . . .o@*|
May 19 17:13:09 carrent-srv cloud-init[662]: |              +*^|
May 19 17:13:09 carrent-srv cloud-init[662]: +----[SHA256]-----+
May 19 17:13:09 carrent-srv cloud-init[662]: Generating public/private ed25519 key pair.
May 19 17:13:09 carrent-srv cloud-init[662]: Your identification has been saved in /etc/ssh/ssh_host_ed25519_key
May 19 17:13:09 carrent-srv cloud-init[662]: Your public key has been saved in /etc/ssh/ssh_host_ed25519_key.pub
May 19 17:13:09 carrent-srv cloud-init[662]: The key fingerprint is:
May 19 17:13:09 carrent-srv cloud-init[662]: SHA256:zNTq7w/lZ4vB7QkH2hrWpdn4l0t77+XEqCvoyEcRFeY root@carrent-srv
May 19 17:13:09 carrent-srv cloud-init[662]: The key's randomart image is:
May 19 17:13:09 carrent-srv cloud-init[662]: +--[ED25519 256]--+
May 19 17:13:09 carrent-srv cloud-init[662]: |         .+.     |
May 19 17:13:09 carrent-srv cloud-init[662]: |        .+       |
May 19 17:13:09 carrent-srv cloud-init[662]: |        ..E      |
May 19 17:13:09 carrent-srv kernel: [    0.783860] ohci-pci 0000:00:06.0: irq 22, io mem 0xf0804000
May 19 17:13:09 carrent-srv kernel: [    0.853402] usb usb2: New USB device found, idVendor=1d6b, idProduct=0001, bcdDevice= 5.15
May 19 17:13:09 carrent-srv kernel: [    0.855523] usb usb2: New USB device strings: Mfr=3, Product=2, SerialNumber=1
May 19 17:13:09 carrent-srv kernel: [    0.856945] usb usb2: Product: OHCI PCI host controller
May 19 17:13:09 carrent-srv kernel: [    0.857985] usb usb2: Manufacturer: Linux 5.15.0-179-generic ohci_hcd
May 19 17:13:09 carrent-srv kernel: [    0.859294] usb usb2: SerialNumber: 0000:00:06.0
May 19 17:13:09 carrent-srv cloud-init[662]: |       +..       |
May 19 17:13:09 carrent-srv kernel: [    0.860629] hub 2-0:1.0: USB hub found
May 19 17:13:09 carrent-srv kernel: [    0.861459] hub 2-0:1.0: 12 ports detected
May 19 17:13:09 carrent-srv kernel: [    0.863935] ohci-platform: OHCI generic platform driver
May 19 17:13:09 carrent-srv kernel: [    0.864999] uhci_hcd: USB Universal Host Controller Interface driver
May 19 17:13:09 carrent-srv kernel: [    0.866413] i8042: PNP: PS/2 Controller [PNP0303:PS2K,PNP0f03:PS2M] at 0x60,0x64 irq 1,12
May 19 17:13:09 carrent-srv kernel: [    0.869529] serio: i8042 KBD port at 0x60,0x64 irq 1
May 19 17:13:09 carrent-srv kernel: [    0.871493] serio: i8042 AUX port at 0x60,0x64 irq 12
May 19 17:13:09 carrent-srv kernel: [    0.873042] mousedev: PS/2 mouse device common for all mice
May 19 17:13:09 carrent-srv kernel: [    0.876605] input: AT Translated Set 2 keyboard as /devices/platform/i8042/serio0/input/input2
May 19 17:13:09 carrent-srv kernel: [    0.876670] rtc_cmos rtc_cmos: registered as rtc0
May 19 17:13:09 carrent-srv kernel: [    0.880138] rtc_cmos rtc_cmos: setting system clock to 2026-05-19T17:12:49 UTC (1779210769)
May 19 17:13:09 carrent-srv kernel: [    0.882042] rtc_cmos rtc_cmos: alarms up to one day, 114 bytes nvram
May 19 17:13:09 carrent-srv kernel: [    0.883405] i2c_dev: i2c /dev entries driver
May 19 17:13:09 carrent-srv kernel: [    0.884433] device-mapper: core: CONFIG_IMA_DISABLE_HTABLE is disabled. Duplicate IMA measurements will not be recorded in the IMA log.
May 19 17:13:09 carrent-srv kernel: [    0.886953] device-mapper: uevent: version 1.0.3
May 19 17:13:09 carrent-srv kernel: [    0.888362] device-mapper: ioctl: 4.45.0-ioctl (2021-03-22) initialised: dm-devel@redhat.com
May 19 17:13:09 carrent-srv kernel: [    0.890699] ledtrig-cpu: registered to indicate activity on CPUs
May 19 17:13:09 carrent-srv kernel: [    0.892097] drop_monitor: Initializing network drop monitor service
May 19 17:13:09 carrent-srv kernel: [    0.893599] NET: Registered PF_INET6 protocol family
May 19 17:13:09 carrent-srv kernel: [    0.894528] ata2.00: ATAPI: VBOX CD-ROM, 1.0, max UDMA/133
May 19 17:13:09 carrent-srv kernel: [    0.915442] scsi 1:0:0:0: CD-ROM            VBOX     CD-ROM           1.0  PQ: 0 ANSI: 5
May 19 17:13:09 carrent-srv kernel: [    0.957174] sr 1:0:0:0: [sr0] scsi3-mmc drive: 32x/32x xa/form2 tray
May 19 17:13:09 carrent-srv kernel: [    0.958388] cdrom: Uniform CD-ROM driver Revision: 3.20
May 19 17:13:09 carrent-srv kernel: [    0.998468] sr 1:0:0:0: Attached scsi CD-ROM sr0
May 19 17:13:09 carrent-srv kernel: [    0.998750] sr 1:0:0:0: Attached scsi generic sg0 type 5
May 19 17:13:09 carrent-srv kernel: [    1.209779] Freeing initrd memory: 110920K
May 19 17:13:09 carrent-srv kernel: [    1.222134] Segment Routing with IPv6
May 19 17:13:09 carrent-srv kernel: [    1.222909] In-situ OAM (IOAM) with IPv6
May 19 17:13:09 carrent-srv kernel: [    1.223961] NET: Registered PF_PACKET protocol family
May 19 17:13:09 carrent-srv kernel: [    1.225244] Key type dns_resolver registered
May 19 17:13:09 carrent-srv kernel: [    1.227476] IPI shorthand broadcast: enabled
May 19 17:13:09 carrent-srv kernel: [    1.228485] sched_clock: Marking stable (1065752919, 161668114)->(1299880712, -72459679)
May 19 17:13:09 carrent-srv kernel: [    1.230931] registered taskstats version 1
May 19 17:13:09 carrent-srv kernel: [    1.233052] Loading compiled-in X.509 certificates
May 19 17:13:09 carrent-srv kernel: [    1.235336] Loaded X.509 cert 'Build time autogenerated kernel key: 83bf23cb8aa8dbf5f2e6796a882f3cf4caa40fc4'
May 19 17:13:09 carrent-srv kernel: [    1.237556] Loaded X.509 cert 'Canonical Ltd. Live Patch Signing 2025 Kmod: d541cef61dc7e793b7eb7e899970a2eef0b5dc8c'
May 19 17:13:09 carrent-srv kernel: [    1.240063] Loaded X.509 cert 'Canonical Ltd. Live Patch Signing: 14df34d1a87cf37625abec039ef2bf521249b969'
May 19 17:13:09 carrent-srv kernel: [    1.242378] Loaded X.509 cert 'Canonical Ltd. Kernel Module Signing 2025 Kmod: 4627603d2357a2a3f81006370894c221175893e9'
May 19 17:13:09 carrent-srv kernel: [    1.244992] Loaded X.509 cert 'Canonical Ltd. Kernel Module Signing: 88f752e560a1e0737e31163a466ad7b70a850c19'
May 19 17:13:09 carrent-srv kernel: [    1.247095] blacklist: Loading compiled-in revocation X.509 certificates
May 19 17:13:09 carrent-srv kernel: [    1.248485] Loaded X.509 cert 'Canonical Ltd. Secure Boot Signing: 61482aa2830d0ab2ad5af10b7250da9033ddcef0'
May 19 17:13:09 carrent-srv kernel: [    1.250518] Loaded X.509 cert 'Canonical Ltd. Secure Boot Signing (2017): 242ade75ac4a15e50d50c84b0d45ff3eae707a03'
May 19 17:13:09 carrent-srv kernel: [    1.252573] Loaded X.509 cert 'Canonical Ltd. Secure Boot Signing (ESM 2018): 365188c1d374d6b07c3c8f240f8ef722433d6a8b'
May 19 17:13:09 carrent-srv kernel: [    1.254891] Loaded X.509 cert 'Canonical Ltd. Secure Boot Signing (2019): c0746fd6c5da3ae827864651ad66ae47fe24b3e8'
May 19 17:13:09 carrent-srv kernel: [    1.256958] Loaded X.509 cert 'Canonical Ltd. Secure Boot Signing (2021 v1): a8d54bbb3825cfb94fa13c9f8a594a195c107b8d'
May 19 17:13:09 carrent-srv kernel: [    1.259137] Loaded X.509 cert 'Canonical Ltd. Secure Boot Signing (2021 v2): 4cf046892d6fd3c9a5b03f98d845f90851dc6a8c'
May 19 17:13:09 carrent-srv kernel: [    1.261238] Loaded X.509 cert 'Canonical Ltd. Secure Boot Signing (2021 v3): 100437bb6de6e469b581e61cd66bce3ef4ed53af'
May 19 17:13:09 carrent-srv kernel: [    1.263503] Loaded X.509 cert 'Canonical Ltd. Secure Boot Signing (Ubuntu Core 2019): c1d57b8f6b743f23ee41f4f7ee292f06eecadfb9'
May 19 17:13:09 carrent-srv kernel: [    1.266471] zswap: loaded using pool lzo/zbud
May 19 17:13:09 carrent-srv kernel: [    1.269133] Key type .fscrypt registered
May 19 17:13:09 carrent-srv kernel: [    1.270202] Key type fscrypt-provisioning registered
May 19 17:13:09 carrent-srv kernel: [    1.276287] Key type encrypted registered
May 19 17:13:09 carrent-srv kernel: [    1.277226] AppArmor: AppArmor sha1 policy hashing enabled
May 19 17:13:09 carrent-srv kernel: [    1.278569] ima: No TPM chip found, activating TPM-bypass!
May 19 17:13:09 carrent-srv kernel: [    1.279750] Loading compiled-in module X.509 certificates
May 19 17:13:09 carrent-srv kernel: [    1.281179] Loaded X.509 cert 'Build time autogenerated kernel key: 83bf23cb8aa8dbf5f2e6796a882f3cf4caa40fc4'
May 19 17:13:09 carrent-srv kernel: [    1.283221] ima: Allocated hash algorithm: sha1
May 19 17:13:09 carrent-srv kernel: [    1.284252] ima: No architecture policies found
May 19 17:13:09 carrent-srv kernel: [    1.285277] evm: Initialising EVM extended attributes:
May 19 17:13:09 carrent-srv kernel: [    1.286795] evm: security.selinux
May 19 17:13:09 carrent-srv kernel: [    1.287607] evm: security.SMACK64
May 19 17:13:09 carrent-srv kernel: [    1.288425] evm: security.SMACK64EXEC
May 19 17:13:09 carrent-srv kernel: [    1.289308] evm: security.SMACK64TRANSMUTE
May 19 17:13:09 carrent-srv kernel: [    1.290355] evm: security.SMACK64MMAP
May 19 17:13:09 carrent-srv kernel: [    1.291225] evm: security.apparmor
May 19 17:13:09 carrent-srv kernel: [    1.292054] evm: security.ima
May 19 17:13:09 carrent-srv kernel: [    1.292808] evm: security.capability
May 19 17:13:09 carrent-srv kernel: [    1.293668] evm: HMAC attrs: 0x1
May 19 17:13:09 carrent-srv kernel: [    1.295240] PM:   Magic number: 10:393:239
May 19 17:13:09 carrent-srv kernel: [    1.297253] RAS: Correctable Errors collector initialized.
May 19 17:13:09 carrent-srv kernel: [    1.298548] clk: Disabling unused clocks
May 19 17:13:09 carrent-srv kernel: [    1.300729] Freeing unused decrypted memory: 2036K
May 19 17:13:09 carrent-srv kernel: [    1.301749] usb 2-1: new full-speed USB device number 2 using ohci-pci
May 19 17:13:09 carrent-srv kernel: [    1.303751] Freeing unused kernel image (initmem) memory: 3292K
May 19 17:13:09 carrent-srv kernel: [    1.305006] Write protecting the kernel read-only data: 30720k
May 19 17:13:09 carrent-srv kernel: [    1.307618] Freeing unused kernel image (text/rodata gap) memory: 2036K
May 19 17:13:09 carrent-srv kernel: [    1.309360] Freeing unused kernel image (rodata/data gap) memory: 1288K
May 19 17:13:09 carrent-srv kernel: [    1.348601] x86/mm: Checked W+X mappings: passed, no W+X pages found.
May 19 17:13:09 carrent-srv kernel: [    1.350229] Run /init as init process
May 19 17:13:09 carrent-srv kernel: [    1.351126]   with arguments:
May 19 17:13:09 carrent-srv kernel: [    1.351128]     /init
May 19 17:13:09 carrent-srv kernel: [    1.351129]   with environment:
May 19 17:13:09 carrent-srv kernel: [    1.351130]     HOME=/
May 19 17:13:09 carrent-srv kernel: [    1.351131]     TERM=linux
May 19 17:13:09 carrent-srv kernel: [    1.684869] usb 2-1: New USB device found, idVendor=80ee, idProduct=0021, bcdDevice= 1.00
May 19 17:13:09 carrent-srv kernel: [    1.686687] usb 2-1: New USB device strings: Mfr=1, Product=3, SerialNumber=0
May 19 17:13:09 carrent-srv kernel: [    1.688205] usb 2-1: Product: USB Tablet
May 19 17:13:09 carrent-srv kernel: [    1.688992] usb 2-1: Manufacturer: VirtualBox
May 19 17:13:09 carrent-srv kernel: [    1.709748] hid: raw HID events driver (C) Jiri Kosina
May 19 17:13:09 carrent-srv kernel: [    1.725232] ACPI: video: Video Device [GFX0] (multi-head: yes  rom: no  post: no)
May 19 17:13:09 carrent-srv kernel: [    1.728109] input: Video Bus as /devices/LNXSYSTM:00/LNXSYBUS:00/PNP0A03:00/LNXVIDEO:00/input/input4
May 19 17:13:09 carrent-srv kernel: [    1.728621] usbcore: registered new interface driver usbhid
May 19 17:13:09 carrent-srv kernel: [    1.731439] usbhid: USB HID core driver
May 19 17:13:09 carrent-srv kernel: [    1.737688] e1000: Intel(R) PRO/1000 Network Driver
May 19 17:13:09 carrent-srv kernel: [    1.738693] e1000: Copyright (c) 1999-2006 Intel Corporation.
May 19 17:13:09 carrent-srv kernel: [    1.746323] piix4_smbus 0000:00:07.0: SMBus Host Controller at 0x4100, revision 0
May 19 17:13:09 carrent-srv kernel: [    1.754317] ahci 0000:00:0d.0: version 3.0
May 19 17:13:09 carrent-srv kernel: [    1.755551] ahci 0000:00:0d.0: SSS flag set, parallel bus scan disabled
May 19 17:13:09 carrent-srv kernel: [    1.757397] ahci 0000:00:0d.0: AHCI 0001.0100 32 slots 1 ports 3 Gbps 0x1 impl SATA mode
May 19 17:13:09 carrent-srv kernel: [    1.759092] ahci 0000:00:0d.0: flags: 64bit ncq stag only ccc 
May 19 17:13:09 carrent-srv kernel: [    1.773272] cryptd: max_cpu_qlen set to 1000
May 19 17:13:09 carrent-srv kernel: [    1.778971] scsi host2: ahci
May 19 17:13:09 carrent-srv kernel: [    1.779884] ata3: SATA max UDMA/133 abar m8192@0xf0806000 port 0xf0806100 irq 21
May 19 17:13:09 carrent-srv kernel: [    1.815861] input: VirtualBox USB Tablet as /devices/pci0000:00/0000:00:06.0/usb2/2-1/2-1:1.0/0003:80EE:0021.0001/input/input6
May 19 17:13:09 carrent-srv kernel: [    1.818839] hid-generic 0003:80EE:0021.0001: input,hidraw0: USB HID v1.10 Mouse [VirtualBox USB Tablet] on usb-0000:00:06.0-1/input0
May 19 17:13:09 carrent-srv kernel: [    1.984917] input: ImExPS/2 Generic Explorer Mouse as /devices/platform/i8042/serio1/input/input5
May 19 17:13:09 carrent-srv cloud-init[662]: |        S.  o .  |
May 19 17:13:09 carrent-srv cloud-init[662]: |       ..  B O o |
May 19 17:13:09 carrent-srv cloud-init[662]: |       ...= @ B.=|
May 19 17:13:09 carrent-srv cloud-init[662]: |     . .oo.+ @.*=|
May 19 17:13:09 carrent-srv kernel: [    2.097172] ata3: SATA link up 3.0 Gbps (SStatus 123 SControl 300)
May 19 17:13:09 carrent-srv cloud-init[662]: |      oo..+o=.==B|
May 19 17:13:09 carrent-srv kernel: [    2.098891] ata3.00: ATA-6: VBOX HARDDISK, 1.0, max UDMA/133
May 19 17:13:09 carrent-srv kernel: [    2.100147] ata3.00: 62914560 sectors, multi 128: LBA48 NCQ (depth 32)
May 19 17:13:09 carrent-srv kernel: [    2.102621] ata3.00: configured for UDMA/133
May 19 17:13:09 carrent-srv kernel: [    2.103889] scsi 2:0:0:0: Direct-Access     ATA      VBOX HARDDISK    1.0  PQ: 0 ANSI: 5
May 19 17:13:09 carrent-srv kernel: [    2.106260] sd 2:0:0:0: Attached scsi generic sg1 type 0
May 19 17:13:09 carrent-srv kernel: [    2.106834] sd 2:0:0:0: [sda] 62914560 512-byte logical blocks: (32.2 GB/30.0 GiB)
May 19 17:13:09 carrent-srv kernel: [    2.110514] sd 2:0:0:0: [sda] Write Protect is off
May 19 17:13:09 carrent-srv kernel: [    2.111616] sd 2:0:0:0: [sda] Mode Sense: 00 3a 00 00
May 19 17:13:09 carrent-srv kernel: [    2.111632] sd 2:0:0:0: [sda] Write cache: enabled, read cache: enabled, doesn't support DPO or FUA
May 19 17:13:09 carrent-srv kernel: [    2.162882]  sda: sda1 sda2 sda3
May 19 17:13:09 carrent-srv kernel: [    2.164453] sd 2:0:0:0: [sda] Attached SCSI disk
May 19 17:13:09 carrent-srv kernel: [    2.168826] SSE version of gcm_enc/dec engaged.
May 19 17:13:09 carrent-srv kernel: [    2.174178] vmwgfx 0000:00:02.0: vgaarb: deactivate vga console
May 19 17:13:09 carrent-srv kernel: [    2.176081] Console: switching to colour dummy device 80x25
May 19 17:13:09 carrent-srv kernel: [    2.178758] [TTM] Zone  kernel: Available graphics memory: 2002630 KiB
May 19 17:13:09 carrent-srv kernel: [    2.178814] vmwgfx 0000:00:02.0: [drm] FIFO at 0x00000000f0000000 size is 2048 kiB
May 19 17:13:09 carrent-srv kernel: [    2.178959] vmwgfx 0000:00:02.0: [drm] VRAM at 0x00000000e0000000 size is 16384 kiB
May 19 17:13:09 carrent-srv kernel: [    2.178996] vmwgfx 0000:00:02.0: [drm] Running on SVGA version 2.
May 19 17:13:09 carrent-srv cloud-init[662]: +----[SHA256]-----+
May 19 17:13:09 carrent-srv kernel: [    2.179014] vmwgfx 0000:00:02.0: [drm] DMA map mode: Caching DMA mappings.
May 19 17:13:09 carrent-srv kernel: [    2.179142] vmwgfx 0000:00:02.0: [drm] Legacy memory limits: VRAM = 16384 kB, FIFO = 2048 kB, surface = 507904 kB
May 19 17:13:09 carrent-srv kernel: [    2.179146] vmwgfx 0000:00:02.0: [drm] MOB limits: max mob size = 0 kB, max mob pages = 0
May 19 17:13:09 carrent-srv kernel: [    2.179151] vmwgfx 0000:00:02.0: [drm] Capabilities: rect copy, cursor, cursor bypass, cursor bypass 2, alpha cursor, extended fifo, pitchlock, irq mask, gmr, traces, gmr2, screen object 2, command buffers, 
May 19 17:13:09 carrent-srv kernel: [    2.179157] vmwgfx 0000:00:02.0: [drm] Max GMR ids is 8192
May 19 17:13:09 carrent-srv kernel: [    2.179159] vmwgfx 0000:00:02.0: [drm] Max number of GMR pages is 1048576
May 19 17:13:09 carrent-srv kernel: [    2.179162] vmwgfx 0000:00:02.0: [drm] Maximum display memory size is 16384 kiB
May 19 17:13:09 carrent-srv kernel: [    2.187372] vmwgfx 0000:00:02.0: [drm] Screen Object display unit initialized
May 19 17:13:09 carrent-srv kernel: [    2.188395] vmwgfx 0000:00:02.0: [drm] Fifo max 0x00200000 min 0x00001000 cap 0x00000355
May 19 17:13:09 carrent-srv kernel: [    2.190165] vmwgfx 0000:00:02.0: [drm] Using command buffers with DMA pool.
May 19 17:13:09 carrent-srv kernel: [    2.190184] vmwgfx 0000:00:02.0: [drm] Available shader model: Legacy.
May 19 17:13:09 carrent-srv kernel: [    2.190199] [drm:vmw_host_printf [vmwgfx]] *ERROR* Failed to send host log message.
May 19 17:13:09 carrent-srv kernel: [    2.207066] fbcon: svgadrmfb (fb0) is primary device
May 19 17:13:09 carrent-srv kernel: [    2.214140] Console: switching to colour frame buffer device 100x37
May 19 17:13:09 carrent-srv kernel: [    2.215661] [drm] Initialized vmwgfx 2.19.0 20210722 for 0000:00:02.0 on minor 0
May 19 17:13:09 carrent-srv kernel: [    2.224205] e1000 0000:00:03.0 eth0: (PCI:33MHz:32-bit) 08:00:27:37:c3:55
May 19 17:13:09 carrent-srv systemd[1]: Finished Cloud-init: Network Stage.
May 19 17:13:09 carrent-srv kernel: [    2.224225] e1000 0000:00:03.0 eth0: Intel(R) PRO/1000 Network Connection
May 19 17:13:09 carrent-srv kernel: [    2.226007] e1000 0000:00:03.0 enp0s3: renamed from eth0
May 19 17:13:09 carrent-srv kernel: [    2.886322] raid6: sse2x4   gen() 25910 MB/s
May 19 17:13:09 carrent-srv kernel: [    2.955283] raid6: sse2x4   xor()  3756 MB/s
May 19 17:13:09 carrent-srv kernel: [    3.022306] raid6: sse2x2   gen() 20633 MB/s
May 19 17:13:09 carrent-srv kernel: [    3.090586] raid6: sse2x2   xor() 21054 MB/s
May 19 17:13:09 carrent-srv kernel: [    3.158202] raid6: sse2x1   gen()  1289 MB/s
May 19 17:13:09 carrent-srv kernel: [    3.226440] raid6: sse2x1   xor() 19768 MB/s
May 19 17:13:09 carrent-srv kernel: [    3.226456] raid6: using algorithm sse2x4 gen() 25910 MB/s
May 19 17:13:09 carrent-srv kernel: [    3.226721] raid6: .... xor() 3756 MB/s, rmw enabled
May 19 17:13:09 carrent-srv kernel: [    3.226960] raid6: using ssse3x2 recovery algorithm
May 19 17:13:09 carrent-srv kernel: [    3.228497] xor: measuring software checksum speed
May 19 17:13:09 carrent-srv kernel: [    3.228831]    prefetch64-sse  : 35239 MB/sec
May 19 17:13:09 carrent-srv kernel: [    3.229178]    generic_sse     : 32909 MB/sec
May 19 17:13:09 carrent-srv kernel: [    3.229403] xor: using function: prefetch64-sse (35239 MB/sec)
May 19 17:13:09 carrent-srv systemd[1]: Reached target Cloud-config availability.
May 19 17:13:09 carrent-srv kernel: [    3.230612] async_tx: api initialized (async)
May 19 17:13:09 carrent-srv kernel: [    3.395105] Btrfs loaded, crc32c=crc32c-intel, zoned=yes, fsverity=yes
May 19 17:13:09 carrent-srv kernel: [    3.587561] EXT4-fs (dm-0): mounted filesystem with ordered data mode. Opts: (null). Quota mode: none.
May 19 17:13:09 carrent-srv kernel: [    4.999940] systemd[1]: Inserted module 'autofs4'
May 19 17:13:09 carrent-srv kernel: [    5.076342] systemd[1]: systemd 249.11-0ubuntu3.19 running in system mode (+PAM +AUDIT +SELINUX +APPARMOR +IMA +SMACK +SECCOMP +GCRYPT +GNUTLS +OPENSSL +ACL +BLKID +CURL +ELFUTILS +FIDO2 +IDN2 -IDN +IPTC +KMOD +LIBCRYPTSETUP +LIBFDISK +PCRE2 -PWQUALITY -P11KIT -QRENCODE +BZIP2 +LZ4 +XZ +ZLIB +ZSTD -XKBCOMMON +UTMP +SYSVINIT default-hierarchy=unified)
May 19 17:13:09 carrent-srv kernel: [    5.077298] systemd[1]: Detected virtualization oracle.
May 19 17:13:09 carrent-srv kernel: [    5.077531] systemd[1]: Detected architecture x86-64.
May 19 17:13:09 carrent-srv kernel: [    5.117437] systemd[1]: Hostname set to <carrent-srv>.
May 19 17:13:09 carrent-srv kernel: [    7.785741] systemd[1]: Configuration file /run/systemd/system/netplan-ovs-cleanup.service is marked world-inaccessible. This has no effect as configuration data is accessible via APIs without restrictions. Proceeding anyway.
May 19 17:13:09 carrent-srv kernel: [    7.954073] systemd[1]: /lib/systemd/system/snapd.service:23: Unknown key name 'RestartMode' in section 'Service', ignoring.
May 19 17:13:09 carrent-srv systemd[1]: Reached target Network is Online.
May 19 17:13:09 carrent-srv kernel: [    8.313477] systemd[1]: Queued start job for default target Graphical Interface.
May 19 17:13:09 carrent-srv kernel: [    8.315195] systemd[1]: Created slice Slice /system/modprobe.
May 19 17:13:09 carrent-srv kernel: [    8.316061] systemd[1]: Created slice Slice /system/systemd-fsck.
May 19 17:13:09 carrent-srv kernel: [    8.316888] systemd[1]: Created slice User and Session Slice.
May 19 17:13:09 carrent-srv kernel: [    8.317546] systemd[1]: Started Forward Password Requests to Wall Directory Watch.
May 19 17:13:09 carrent-srv kernel: [    8.318411] systemd[1]: Set up automount Arbitrary Executable File Formats File System Automount Point.
May 19 17:13:09 carrent-srv systemd[1]: Reached target System Initialization.
May 19 17:13:09 carrent-srv systemd[1]: Condition check resulted in Process error reports when automatic reporting is enabled (file watch) being skipped.
May 19 17:13:09 carrent-srv kernel: [    8.319358] systemd[1]: Reached target Slice Units.
May 19 17:13:09 carrent-srv kernel: [    8.320011] systemd[1]: Reached target Mounting snaps.
May 19 17:13:09 carrent-srv kernel: [    8.320642] systemd[1]: Reached target Local Verity Protected Volumes.
May 19 17:13:09 carrent-srv kernel: [    8.321300] systemd[1]: Listening on Device-mapper event daemon FIFOs.
May 19 17:13:09 carrent-srv kernel: [    8.322175] systemd[1]: Listening on LVM2 poll daemon socket.
May 19 17:13:09 carrent-srv kernel: [    8.322897] systemd[1]: Listening on multipathd control socket.
May 19 17:13:09 carrent-srv systemd[1]: Condition check resulted in Process error reports when automatic reporting is enabled (timer based) being skipped.
May 19 17:13:09 carrent-srv kernel: [    8.323592] systemd[1]: Listening on Syslog Socket.
May 19 17:13:09 carrent-srv systemd[1]: Started Daily apt download activities.
May 19 17:13:09 carrent-srv kernel: [    8.324281] systemd[1]: Listening on fsck to fsckd communication Socket.
May 19 17:13:09 carrent-srv kernel: [    8.324941] systemd[1]: Listening on initctl Compatibility Named Pipe.
May 19 17:13:09 carrent-srv kernel: [    8.325713] systemd[1]: Listening on Journal Audit Socket.
May 19 17:13:09 carrent-srv kernel: [    8.326564] systemd[1]: Listening on Journal Socket (/dev/log).
May 19 17:13:09 carrent-srv kernel: [    8.327303] systemd[1]: Listening on Journal Socket.
May 19 17:13:09 carrent-srv kernel: [    8.328029] systemd[1]: Listening on Network Service Netlink Socket.
May 19 17:13:09 carrent-srv systemd[1]: Started Daily apt upgrade and clean activities.
May 19 17:13:09 carrent-srv kernel: [    8.328751] systemd[1]: Listening on udev Control Socket.
May 19 17:13:09 carrent-srv kernel: [    8.329423] systemd[1]: Listening on udev Kernel Socket.
May 19 17:13:09 carrent-srv kernel: [    8.330854] systemd[1]: Mounting Huge Pages File System...
May 19 17:13:09 carrent-srv kernel: [    8.332099] systemd[1]: Mounting POSIX Message Queue File System...
May 19 17:13:09 carrent-srv kernel: [    8.333359] systemd[1]: Mounting Kernel Debug File System...
May 19 17:13:09 carrent-srv kernel: [    8.334634] systemd[1]: Mounting Kernel Trace File System...
May 19 17:13:09 carrent-srv kernel: [    8.338323] systemd[1]: Starting Journal Service...
May 19 17:13:09 carrent-srv systemd[1]: Started Daily dpkg database backup timer.
May 19 17:13:09 carrent-srv kernel: [    8.341010] systemd[1]: Starting Set the console keyboard layout...
May 19 17:13:09 carrent-srv kernel: [    8.343533] systemd[1]: Starting Create List of Static Device Nodes...
May 19 17:13:09 carrent-srv kernel: [    8.345144] systemd[1]: Starting Monitoring of LVM2 mirrors, snapshots etc. using dmeventd or progress polling...
May 19 17:13:09 carrent-srv kernel: [    8.346042] systemd[1]: Condition check resulted in LXD - agent being skipped.
May 19 17:13:09 carrent-srv kernel: [    8.347570] systemd[1]: Starting Load Kernel Module configfs...
May 19 17:13:09 carrent-srv kernel: [    8.349007] systemd[1]: Starting Load Kernel Module drm...
May 19 17:13:09 carrent-srv kernel: [    8.350607] systemd[1]: Starting Load Kernel Module efi_pstore...
May 19 17:13:09 carrent-srv kernel: [    8.351815] systemd[1]: Starting Load Kernel Module fuse...
May 19 17:13:09 carrent-srv kernel: [    8.352503] systemd[1]: Condition check resulted in OpenVSwitch configuration for cleanup being skipped.
May 19 17:13:09 carrent-srv kernel: [    8.353105] systemd[1]: Condition check resulted in File System Check on Root Device being skipped.
May 19 17:13:09 carrent-srv kernel: [    8.422555] systemd[1]: Starting Load Kernel Modules...
May 19 17:13:09 carrent-srv kernel: [    8.423983] systemd[1]: Starting Remount Root and Kernel File Systems...
May 19 17:13:09 carrent-srv kernel: [    8.425381] systemd[1]: Starting Coldplug All udev Devices...
May 19 17:13:09 carrent-srv kernel: [    8.427332] systemd[1]: Mounted Huge Pages File System.
May 19 17:13:09 carrent-srv kernel: [    8.428013] systemd[1]: Mounted POSIX Message Queue File System.
May 19 17:13:09 carrent-srv kernel: [    8.428741] systemd[1]: Mounted Kernel Debug File System.
May 19 17:13:09 carrent-srv kernel: [    8.429401] systemd[1]: Mounted Kernel Trace File System.
May 19 17:13:09 carrent-srv kernel: [    8.430465] systemd[1]: Finished Create List of Static Device Nodes.
May 19 17:13:09 carrent-srv kernel: [    8.431342] systemd[1]: modprobe@configfs.service: Deactivated successfully.
May 19 17:13:09 carrent-srv kernel: [    8.431856] systemd[1]: Finished Load Kernel Module configfs.
May 19 17:13:09 carrent-srv kernel: [    8.432792] systemd[1]: modprobe@drm.service: Deactivated successfully.
May 19 17:13:09 carrent-srv kernel: [    8.433414] systemd[1]: Finished Load Kernel Module drm.
May 19 17:13:09 carrent-srv kernel: [    8.434333] systemd[1]: modprobe@fuse.service: Deactivated successfully.
May 19 17:13:09 carrent-srv kernel: [    8.434846] systemd[1]: Finished Load Kernel Module fuse.
May 19 17:13:09 carrent-srv kernel: [    8.436229] systemd[1]: Mounting FUSE Control File System...
May 19 17:13:09 carrent-srv kernel: [    8.437466] systemd[1]: Mounting Kernel Configuration File System...
May 19 17:13:09 carrent-srv kernel: [    8.438611] systemd[1]: Mounted FUSE Control File System.
May 19 17:13:09 carrent-srv kernel: [    8.439604] systemd[1]: Mounted Kernel Configuration File System.
May 19 17:13:09 carrent-srv kernel: [    8.554206] systemd[1]: Finished Coldplug All udev Devices.
May 19 17:13:09 carrent-srv kernel: [    8.561784] EXT4-fs (dm-0): re-mounted. Opts: (null). Quota mode: none.
May 19 17:13:09 carrent-srv kernel: [    8.563232] systemd[1]: Finished Remount Root and Kernel File Systems.
May 19 17:13:09 carrent-srv kernel: [    8.564611] systemd[1]: Activating swap /swap.img...
May 19 17:13:09 carrent-srv kernel: [    8.565791] systemd[1]: Starting Device-Mapper Multipath Device Controller...
May 19 17:13:09 carrent-srv kernel: [    8.567409] systemd[1]: Starting Load/Save Random Seed...
May 19 17:13:09 carrent-srv kernel: [    8.568716] systemd[1]: Starting Create System Users...
May 19 17:13:09 carrent-srv systemd[1]: Started Periodic ext4 Online Metadata Check for All Filesystems.
May 19 17:13:09 carrent-srv kernel: [    8.583501] systemd[1]: Finished Monitoring of LVM2 mirrors, snapshots etc. using dmeventd or progress polling.
May 19 17:13:09 carrent-srv kernel: [    8.600978] systemd[1]: Started Journal Service.
May 19 17:13:09 carrent-srv kernel: [    8.773140] systemd-journald[406]: Received client request to flush runtime journal.
May 19 17:13:09 carrent-srv kernel: [    8.918730] alua: device handler registered
May 19 17:13:09 carrent-srv kernel: [    8.933886] emc: device handler registered
May 19 17:13:09 carrent-srv kernel: [    9.018920] Adding 2822140k swap on /swap.img.  Priority:-2 extents:3 across:3100668k FS
May 19 17:13:09 carrent-srv kernel: [    9.052000] rdac: device handler registered
May 19 17:13:09 carrent-srv kernel: [   10.005290] loop0: detected capacity change from 0 to 129944
May 19 17:13:09 carrent-srv kernel: [   10.005433] loop1: detected capacity change from 0 to 229272
May 19 17:13:09 carrent-srv kernel: [   10.005467] loop2: detected capacity change from 0 to 109072
May 19 17:13:09 carrent-srv kernel: [   10.772047] intel_rapl_common: Found RAPL domain package
May 19 17:13:09 carrent-srv kernel: [   10.772068] intel_rapl_common: Found RAPL domain core
May 19 17:13:09 carrent-srv kernel: [   11.057509] vboxguest: host-version: 7.0.8r156879 0x8000000f
May 19 17:13:09 carrent-srv kernel: [   11.058167] vbg_heartbeat_init: Setting up heartbeat to trigger every 2000 milliseconds
May 19 17:13:09 carrent-srv kernel: [   11.058282] input: VirtualBox mouse integration as /devices/pci0000:00/0000:00:04.0/input/input7
May 19 17:13:09 carrent-srv kernel: [   11.061881] vboxguest: misc device minor 123, IRQ 20, I/O port d040, MMIO at 0x00000000f0400000 (size 0x0000000000400000)
May 19 17:13:09 carrent-srv kernel: [   12.322278] snd_intel8x0 0000:00:05.0: allow list rate for 1028:0177 is 48000
May 19 17:13:09 carrent-srv kernel: [   12.736881] EXT4-fs (sda2): mounted filesystem with ordered data mode. Opts: (null). Quota mode: none.
May 19 17:13:09 carrent-srv kernel: [   13.439884] audit: type=1400 audit(1779210782.024:2): apparmor="STATUS" operation="profile_load" profile="unconfined" name="lsb_release" pid=620 comm="apparmor_parser"
May 19 17:13:09 carrent-srv kernel: [   13.444381] audit: type=1400 audit(1779210782.060:3): apparmor="STATUS" operation="profile_load" profile="unconfined" name="nvidia_modprobe" pid=621 comm="apparmor_parser"
May 19 17:13:09 carrent-srv kernel: [   13.445261] audit: type=1400 audit(1779210782.060:4): apparmor="STATUS" operation="profile_load" profile="unconfined" name="nvidia_modprobe//kmod" pid=621 comm="apparmor_parser"
May 19 17:13:09 carrent-srv systemd[1]: Started Discard unused blocks once a week.
May 19 17:13:09 carrent-srv kernel: [   13.465196] audit: type=1400 audit(1779210782.080:5): apparmor="STATUS" operation="profile_load" profile="unconfined" name="/usr/bin/man" pid=623 comm="apparmor_parser"
May 19 17:13:09 carrent-srv kernel: [   13.465997] audit: type=1400 audit(1779210782.080:6): apparmor="STATUS" operation="profile_load" profile="unconfined" name="man_filter" pid=623 comm="apparmor_parser"
May 19 17:13:09 carrent-srv kernel: [   13.466923] audit: type=1400 audit(1779210782.080:7): apparmor="STATUS" operation="profile_load" profile="unconfined" name="man_groff" pid=623 comm="apparmor_parser"
May 19 17:13:09 carrent-srv kernel: [   13.518196] audit: type=1400 audit(1779210782.080:8): apparmor="STATUS" operation="profile_load" profile="unconfined" name="tcpdump" pid=624 comm="apparmor_parser"
May 19 17:13:09 carrent-srv kernel: [   13.526694] audit: type=1400 audit(1779210782.144:9): apparmor="STATUS" operation="profile_load" profile="unconfined" name="/usr/lib/NetworkManager/nm-dhcp-client.action" pid=622 comm="apparmor_parser"
May 19 17:13:09 carrent-srv kernel: [   13.527741] audit: type=1400 audit(1779210782.144:10): apparmor="STATUS" operation="profile_load" profile="unconfined" name="/usr/lib/NetworkManager/nm-dhcp-helper" pid=622 comm="apparmor_parser"
May 19 17:13:09 carrent-srv kernel: [   13.528739] audit: type=1400 audit(1779210782.144:11): apparmor="STATUS" operation="profile_load" profile="unconfined" name="/usr/lib/connman/scripts/dhclient-script" pid=622 comm="apparmor_parser"
May 19 17:13:09 carrent-srv kernel: [   16.078653] e1000: enp0s3 NIC Link is Up 1000 Mbps Full Duplex, Flow Control: RX
May 19 17:13:09 carrent-srv kernel: [   16.081517] IPv6: ADDRCONF(NETDEV_CHANGE): enp0s3: link becomes ready
May 19 17:13:09 carrent-srv systemd[1]: Started Refresh fwupd metadata regularly.
May 19 17:13:09 carrent-srv systemd[1]: Started Daily rotation of log files.
May 19 17:13:09 carrent-srv systemd[1]: Started Daily man-db regeneration.
May 19 17:13:09 carrent-srv systemd[1]: Started Message of the Day.
May 19 17:13:09 carrent-srv systemd[1]: Condition check resulted in Timer to automatically fetch and run repair assertions being skipped.
May 19 17:13:09 carrent-srv systemd[1]: Started Daily Cleanup of Temporary Directories.
May 19 17:13:09 carrent-srv systemd[1]: Condition check resulted in Ubuntu Pro Timer for running repeated jobs being skipped.
May 19 17:13:09 carrent-srv systemd[1]: Started Download data for packages that failed at package install time.
May 19 17:13:09 carrent-srv systemd[1]: Started Check to see whether there is a new version of Ubuntu available.
May 19 17:13:09 carrent-srv systemd[1]: Reached target Path Units.
May 19 17:13:09 carrent-srv systemd[1]: Reached target Timer Units.
May 19 17:13:09 carrent-srv systemd[1]: Condition check resulted in Unix socket for apport crash forwarding being skipped.
May 19 17:13:09 carrent-srv systemd[1]: Listening on cloud-init hotplug hook socket.
May 19 17:13:09 carrent-srv systemd[1]: Listening on D-Bus System Message Bus Socket.
May 19 17:13:09 carrent-srv systemd[1]: Listening on Open-iSCSI iscsid Socket.
May 19 17:13:09 carrent-srv systemd[1]: Starting Socket activation for snappy daemon...
May 19 17:13:09 carrent-srv systemd[1]: Listening on UUID daemon activation socket.
May 19 17:13:09 carrent-srv systemd[1]: Condition check resulted in Login to default iSCSI targets being skipped.
May 19 17:13:09 carrent-srv systemd[1]: Reached target Preparation for Remote File Systems.
May 19 17:13:09 carrent-srv systemd[1]: Reached target Remote File Systems.
May 19 17:13:09 carrent-srv systemd[1]: Finished Availability of block devices.
May 19 17:13:09 carrent-srv systemd[1]: Listening on Socket activation for snappy daemon.
May 19 17:13:09 carrent-srv systemd[1]: Reached target Socket Units.
May 19 17:13:09 carrent-srv systemd[1]: Reached target Basic System.
May 19 17:13:09 carrent-srv systemd[1]: Starting LSB: automatic crash report generation...
May 19 17:13:09 carrent-srv systemd[1]: Started Regular background program processing daemon.
May 19 17:13:09 carrent-srv systemd[1]: Started D-Bus System Message Bus.
May 19 17:13:09 carrent-srv systemd[1]: Started Save initial kernel messages after boot.
May 19 17:13:09 carrent-srv systemd[1]: Starting Remove Stale Online ext4 Metadata Check Snapshots...
May 19 17:13:09 carrent-srv systemd[1]: Condition check resulted in getty on tty2-tty6 if dbus and logind are not available being skipped.
May 19 17:13:09 carrent-srv cron[686]: (CRON) INFO (pidfile fd = 3)
May 19 17:13:09 carrent-srv systemd[1]: Starting Record successful boot for GRUB...
May 19 17:13:09 carrent-srv systemd-timesyncd[617]: Network configuration changed, trying to establish connection.
May 19 17:13:09 carrent-srv systemd[1]: Started irqbalance daemon.
May 19 17:13:09 carrent-srv systemd[1]: Starting Dispatcher daemon for systemd-networkd...
May 19 17:13:09 carrent-srv systemd[1]: Starting Authorization Manager...
May 19 17:13:09 carrent-srv systemd[1]: Starting Pollinate to seed the pseudo random number generator...
May 19 17:13:09 carrent-srv systemd[1]: Starting System Logging Service...
May 19 17:13:09 carrent-srv systemd[1]: Condition check resulted in Secure Boot updates for DB and DBX being skipped.
May 19 17:13:09 carrent-srv systemd[1]: Condition check resulted in Automatically repair incorrect owner/permissions on core devices being skipped.
May 19 17:13:09 carrent-srv systemd[1]: Condition check resulted in Wait for the Ubuntu Core chooser trigger being skipped.
May 19 17:13:09 carrent-srv systemd[1]: Reached target Preparation for Logins.
May 19 17:13:09 carrent-srv systemd[1]: Starting Wait until snapd is fully seeded...
May 19 17:13:09 carrent-srv systemd[1]: Starting Snap Daemon...
May 19 17:13:09 carrent-srv systemd[1]: Starting User Login Management...
May 19 17:13:09 carrent-srv systemd[1]: Starting Permit User Sessions...
May 19 17:13:09 carrent-srv systemd[1]: Condition check resulted in Thermal Daemon Service being skipped.
May 19 17:13:09 carrent-srv systemd[1]: Condition check resulted in Ubuntu Pro reboot cmds being skipped.
May 19 17:13:09 carrent-srv systemd[1]: Starting Disk Manager...
May 19 17:13:09 carrent-srv systemd[1]: Finished Permit User Sessions.
May 19 17:13:09 carrent-srv systemd[1]: Starting Hold until boot process finishes up...
May 19 17:13:09 carrent-srv systemd[1]: Starting Terminate Plymouth Boot Screen...
May 19 17:13:09 carrent-srv systemd[1]: Finished Hold until boot process finishes up.
May 19 17:13:09 carrent-srv systemd[1]: Starting Set console scheme...
May 19 17:13:09 carrent-srv systemd[1]: Finished Terminate Plymouth Boot Screen.
May 19 17:13:09 carrent-srv systemd[1]: Finished Set console scheme.
May 19 17:13:09 carrent-srv systemd[1]: Created slice Slice /system/getty.
May 19 17:13:09 carrent-srv systemd[1]: Started Getty on tty1.
May 19 17:13:09 carrent-srv systemd[1]: Reached target Login Prompts.
May 19 17:13:09 carrent-srv cron[686]: (CRON) INFO (Running @reboot jobs)
May 19 17:13:09 carrent-srv systemd[1]: e2scrub_reap.service: Deactivated successfully.
May 19 17:13:09 carrent-srv systemd[1]: Finished Remove Stale Online ext4 Metadata Check Snapshots.
May 19 17:13:09 carrent-srv systemd[1]: grub-common.service: Deactivated successfully.
May 19 17:13:09 carrent-srv systemd[1]: Finished Record successful boot for GRUB.
May 19 17:13:09 carrent-srv systemd[1]: Starting GRUB failed boot detection...
May 19 17:13:09 carrent-srv systemd[1]: grub-initrd-fallback.service: Deactivated successfully.
May 19 17:13:09 carrent-srv systemd[1]: Finished GRUB failed boot detection.
May 19 17:13:09 carrent-srv apport[685]:  * Starting automatic crash report generation: apport
May 19 17:13:09 carrent-srv pollinate[696]: client sent challenge to [https://entropy.ubuntu.com/]
May 19 17:13:09 carrent-srv apport[685]:    ...done.
May 19 17:13:09 carrent-srv systemd[1]: Started LSB: automatic crash report generation.
May 19 17:13:09 carrent-srv rsyslogd: imuxsock: Acquired UNIX socket '/run/systemd/journal/syslog' (fd 3) from systemd.  [v8.2112.0]
May 19 17:13:09 carrent-srv rsyslogd: rsyslogd's groupid changed to 113
May 19 17:13:09 carrent-srv systemd[1]: Started System Logging Service.
May 19 17:13:09 carrent-srv rsyslogd: rsyslogd's userid changed to 107
May 19 17:13:09 carrent-srv rsyslogd: [origin software="rsyslogd" swVersion="8.2112.0" x-pid="697" x-info="https://www.rsyslog.com"] start
May 19 17:13:09 carrent-srv udisksd[702]: udisks daemon version 2.9.4 starting
May 19 17:13:10 carrent-srv dbus-daemon[687]: dbus[687]: Unknown group "power" in message bus configuration file
May 19 17:13:11 carrent-srv dbus-daemon[687]: [system] AppArmor D-Bus mediation is enabled
May 19 17:13:11 carrent-srv systemd[1]: Started User Login Management.
May 19 17:13:11 carrent-srv systemd[1]: Started Unattended Upgrades Shutdown.
May 19 17:13:11 carrent-srv polkitd[694]: started daemon version 0.105 using authority implementation `local' version `0.105'
May 19 17:13:11 carrent-srv systemd[1]: Started Authorization Manager.
May 19 17:13:11 carrent-srv systemd[1]: Starting Modem Manager...
May 19 17:13:12 carrent-srv pollinate[696]: client verified challenge/response with [https://entropy.ubuntu.com/]
May 19 17:13:12 carrent-srv pollinate[696]: client hashed response from [https://entropy.ubuntu.com/]
May 19 17:13:12 carrent-srv pollinate[696]: client successfully seeded [/dev/urandom]
May 19 17:13:12 carrent-srv systemd[1]: pollinate.service: Deactivated successfully.
May 19 17:13:12 carrent-srv systemd[1]: Finished Pollinate to seed the pseudo random number generator.
May 19 17:13:12 carrent-srv systemd[1]: Starting OpenBSD Secure Shell server...
May 19 17:13:13 carrent-srv systemd[1]: dmesg.service: Deactivated successfully.
May 19 17:13:13 carrent-srv systemd[1]: Started OpenBSD Secure Shell server.
May 19 17:13:13 carrent-srv networkd-dispatcher[693]: No valid path found for iwconfig
May 19 17:13:13 carrent-srv networkd-dispatcher[693]: No valid path found for iw
May 19 17:13:13 carrent-srv ModemManager[772]: <info>  ModemManager (version 1.20.0) starting in system bus...
May 19 17:13:13 carrent-srv udisksd[702]: failed to load module mdraid: libbd_mdraid.so.2: cannot open shared object file: No such file or directory
May 19 17:13:13 carrent-srv systemd[1]: Started Dispatcher daemon for systemd-networkd.
May 19 17:13:14 carrent-srv udisksd[702]: Failed to load the 'mdraid' libblockdev plugin
May 19 17:13:14 carrent-srv systemd[1]: Started Disk Manager.
May 19 17:13:14 carrent-srv snapd[699]: overlord.go:294: Acquiring state lock file
May 19 17:13:14 carrent-srv snapd[699]: overlord.go:299: Acquired state lock file
May 19 17:13:15 carrent-srv udisksd[702]: Acquired the name org.freedesktop.UDisks2 on the system message bus
May 19 17:13:15 carrent-srv snapd[699]: patch.go:64: Patching system state level 6 to sublevel 1...
May 19 17:13:15 carrent-srv snapd[699]: patch.go:64: Patching system state level 6 to sublevel 2...
May 19 17:13:15 carrent-srv systemd[1]: Started Modem Manager.
May 19 17:13:15 carrent-srv snapd[699]: patch.go:64: Patching system state level 6 to sublevel 3...
May 19 17:13:15 carrent-srv snapd[699]: daemon.go:276: started snapd/2.73+ubuntu22.04.1 (series 16; classic) ubuntu/22.04 (amd64) linux/5.15.0-179-generic.
May 19 17:13:15 carrent-srv kernel: [   26.637193] loop3: detected capacity change from 0 to 8
May 19 17:13:15 carrent-srv systemd[1]: tmp-syscheck\x2dmountpoint\x2d2414384596.mount: Deactivated successfully.
May 19 17:13:15 carrent-srv snapd[699]: daemon.go:370: adjusting startup timeout by 45s (pessimistic estimate of 30s plus 5s per snap)
May 19 17:13:15 carrent-srv snapd[699]: backends.go:70: AppArmor status: apparmor is enabled and all features are available
May 19 17:13:15 carrent-srv snapd[699]: backend.go:145: reloading profiles for snap-confine
May 19 17:13:15 carrent-srv kernel: [   26.971434] kauditd_printk_skb: 19 callbacks suppressed
May 19 17:13:15 carrent-srv kernel: [   26.971437] audit: type=1400 audit(1779210795.476:31): apparmor="STATUS" operation="profile_replace" profile="unconfined" name="/usr/lib/snapd/snap-confine" pid=856 comm="apparmor_parser"
May 19 17:13:15 carrent-srv kernel: [   26.990849] audit: type=1400 audit(1779210795.608:32): apparmor="STATUS" operation="profile_replace" profile="unconfined" name="/usr/lib/snapd/snap-confine//mount-namespace-capture-helper" pid=856 comm="apparmor_parser"
May 19 17:13:15 carrent-srv snapd[699]: helpers.go:190: error trying to compare the snap system key: system-key versions not comparable
May 19 17:13:15 carrent-srv systemd-udevd[956]: Using default interface naming scheme 'v249'.
May 19 17:13:15 carrent-srv systemd-timesyncd[617]: Network configuration changed, trying to establish connection.
May 19 17:13:16 carrent-srv snapd[699]: backend.go:285: reloading profiles of snap-confine provided by the system snap
May 19 17:13:16 carrent-srv kernel: [   27.923125] audit: type=1400 audit(1779210796.540:33): apparmor="STATUS" operation="profile_replace" profile="unconfined" name="/snap/snapd/19457/usr/lib/snapd/snap-confine" pid=1021 comm="apparmor_parser"
May 19 17:13:16 carrent-srv kernel: [   27.942206] audit: type=1400 audit(1779210796.560:34): apparmor="STATUS" operation="profile_replace" profile="unconfined" name="/snap/snapd/19457/usr/lib/snapd/snap-confine//mount-namespace-capture-helper" pid=1021 comm="apparmor_parser"
May 19 17:13:16 carrent-srv kernel: [   28.032418] audit: type=1400 audit(1779210796.644:35): apparmor="STATUS" operation="profile_replace" profile="unconfined" name="snap-update-ns.lxd" pid=1023 comm="apparmor_parser"
May 19 17:13:16 carrent-srv kernel: [   28.174027] audit: type=1400 audit(1779210796.696:36): apparmor="STATUS" operation="profile_replace" profile="unconfined" name="snap.lxd.activate" pid=1024 comm="apparmor_parser"
May 19 17:13:16 carrent-srv kernel: [   28.189043] audit: type=1400 audit(1779210796.800:37): apparmor="STATUS" operation="profile_replace" profile="unconfined" name="snap.lxd.benchmark" pid=1025 comm="apparmor_parser"
May 19 17:13:16 carrent-srv kernel: [   28.328823] audit: type=1400 audit(1779210796.944:38): apparmor="STATUS" operation="profile_replace" profile="unconfined" name="snap.lxd.buginfo" pid=1026 comm="apparmor_parser"
May 19 17:13:16 carrent-srv kernel: [   28.346967] audit: type=1400 audit(1779210796.964:39): apparmor="STATUS" operation="profile_replace" profile="unconfined" name="snap.lxd.check-kernel" pid=1027 comm="apparmor_parser"
May 19 17:13:17 carrent-srv kernel: [   28.528881] audit: type=1400 audit(1779210797.096:40): apparmor="STATUS" operation="profile_replace" profile="unconfined" name="snap.lxd.daemon" pid=1028 comm="apparmor_parser"
May 19 17:13:17 carrent-srv ModemManager[772]: <info>  [base-manager] couldn't check support for device '/sys/devices/pci0000:00/0000:00:03.0': not supported by any plugin
May 19 17:13:17 carrent-srv systemd[1]: Started Snap Daemon.
May 19 17:13:18 carrent-srv systemd[1]: Started snap.lxd.hook.install-ca0165a9-5670-4ab8-8407-6ed074690b69.scope.
May 19 17:13:18 carrent-srv systemd[1]: tmp-snap.rootfs_lkqes6.mount: Deactivated successfully.
May 19 17:13:19 carrent-srv systemd[1]: snap.lxd.hook.install-ca0165a9-5670-4ab8-8407-6ed074690b69.scope: Deactivated successfully.
May 19 17:13:19 carrent-srv systemd[1]: Reloading.
May 19 17:13:19 carrent-srv systemd[1]: Configuration file /run/systemd/system/netplan-ovs-cleanup.service is marked world-inaccessible. This has no effect as configuration data is accessible via APIs without restrictions. Proceeding anyway.
May 19 17:13:19 carrent-srv systemd[1]: /lib/systemd/system/snapd.service:23: Unknown key name 'RestartMode' in section 'Service', ignoring.
May 19 17:13:19 carrent-srv systemd[1]: Listening on Socket unix for snap application lxd.daemon.
May 19 17:13:19 carrent-srv systemd[1]: Listening on Socket unix for snap application lxd.user-daemon.
May 19 17:13:19 carrent-srv systemd[1]: Starting Service for snap application lxd.activate...
May 19 17:13:19 carrent-srv lxd.activate[1112]: => Starting LXD activation
May 19 17:13:19 carrent-srv lxd.activate[1112]: ==> Creating missing snap configuration
May 19 17:13:20 carrent-srv lxd.activate[1112]: ==> Loading snap configuration
May 19 17:13:20 carrent-srv lxd.activate[1112]: ==> Checking for socket activation support
May 19 17:13:20 carrent-srv lxd.activate[1112]: ==> Creating "lxd" user
May 19 17:13:20 carrent-srv lxd.activate[1112]: ==> Setting LXD socket ownership
May 19 17:13:20 carrent-srv lxd.activate[1112]: ==> Setting LXD user socket ownership
May 19 17:13:20 carrent-srv lxd.activate[1112]: ==> LXD never started on this system, no need to start it now
May 19 17:13:20 carrent-srv systemd[1]: snap.lxd.activate.service: Deactivated successfully.
May 19 17:13:20 carrent-srv systemd[1]: Finished Service for snap application lxd.activate.
May 19 17:13:20 carrent-srv systemd[1]: Started snap.lxd.hook.configure-44b195a2-f8de-492a-9934-2f509d410d2a.scope.
May 19 17:13:20 carrent-srv systemd[1]: snap.lxd.hook.configure-44b195a2-f8de-492a-9934-2f509d410d2a.scope: Deactivated successfully.
May 19 17:13:20 carrent-srv dbus-daemon[687]: [system] Activating via systemd: service name='org.freedesktop.timedate1' unit='dbus-org.freedesktop.timedate1.service' requested by ':1.13' (uid=0 pid=699 comm="/usr/lib/snapd/snapd " label="unconfined")
